Component: ARM Compiler 5.06 update 7 (build 960) Tool: armlink [4d3601]

==============================================================================

Section Cross References

    startup_stm32f030x6.o(RESET) refers to startup_stm32f030x6.o(STACK) for __initial_sp
    startup_stm32f030x6.o(RESET) refers to startup_stm32f030x6.o(.text) for Reset_Handler
    startup_stm32f030x6.o(RESET) refers to stm32f0xx_it.o(i.NMI_Handler) for NMI_Handler
    startup_stm32f030x6.o(RESET) refers to stm32f0xx_it.o(i.HardFault_Handler) for HardFault_Handler
    startup_stm32f030x6.o(RESET) refers to stm32f0xx_it.o(i.SVC_Handler) for SVC_Handler
    startup_stm32f030x6.o(RESET) refers to stm32f0xx_it.o(i.PendSV_Handler) for PendSV_Handler
    startup_stm32f030x6.o(RESET) refers to stm32f0xx_it.o(i.SysTick_Handler) for SysTick_Handler
    startup_stm32f030x6.o(RESET) refers to stm32f0xx_it.o(i.TIM1_BRK_UP_TRG_COM_IRQHandler) for TIM1_BRK_UP_TRG_COM_IRQHandler
    startup_stm32f030x6.o(.text) refers to system_stm32f0xx.o(i.SystemInit) for SystemInit
    startup_stm32f030x6.o(.text) refers to entry.o(.ARM.Collect$$$$00000000) for __main
    main.o(i.HAL_TIM_PeriodElapsedCallback) refers to 1602 lcd i2c.o(i.lcd_backlight) for lcd_backlight
    main.o(i.HAL_TIM_PeriodElapsedCallback) refers to buzzer.o(i.Buzzer_Beep) for Buzzer_Beep
    main.o(i.HAL_TIM_PeriodElapsedCallback) refers to ds18b20.o(i.Ds18b20_ManualConvert) for Ds18b20_ManualConvert
    main.o(i.HAL_TIM_PeriodElapsedCallback) refers to cfcmple.o(.text) for __aeabi_cfcmpeq
    main.o(i.HAL_TIM_PeriodElapsedCallback) refers to f2d.o(.text) for __aeabi_f2d
    main.o(i.HAL_TIM_PeriodElapsedCallback) refers to dadd.o(.text) for __aeabi_dadd
    main.o(i.HAL_TIM_PeriodElapsedCallback) refers to cdrcmple.o(.text) for __aeabi_cdrcmple
    main.o(i.HAL_TIM_PeriodElapsedCallback) refers to cdcmple.o(.text) for __aeabi_cdcmple
    main.o(i.HAL_TIM_PeriodElapsedCallback) refers to generaltec ac remote transmitter.o(i.NEC_AC_ON) for NEC_AC_ON
    main.o(i.HAL_TIM_PeriodElapsedCallback) refers to generaltec ac remote transmitter.o(i.NEC_AC_OFF) for NEC_AC_OFF
    main.o(i.HAL_TIM_PeriodElapsedCallback) refers to cfrcmple.o(.text) for __aeabi_cfrcmple
    main.o(i.HAL_TIM_PeriodElapsedCallback) refers to 1602 lcd i2c.o(i.lcd_home) for lcd_home
    main.o(i.HAL_TIM_PeriodElapsedCallback) refers to 1602 lcd i2c.o(i.lcd_dispstr) for lcd_dispstr
    main.o(i.HAL_TIM_PeriodElapsedCallback) refers to 1602 lcd i2c.o(i.lcd_dispfloat) for lcd_dispfloat
    main.o(i.HAL_TIM_PeriodElapsedCallback) refers to 1602 lcd i2c.o(i.lcd_gotoxy) for lcd_gotoxy
    main.o(i.HAL_TIM_PeriodElapsedCallback) refers to 1602 lcd i2c.o(.data) for backlight_stat
    main.o(i.HAL_TIM_PeriodElapsedCallback) refers to main.o(.data) for .data
    main.o(i.HAL_TIM_PeriodElapsedCallback) refers to main.o(.bss) for .bss
    main.o(i.HAL_TIM_PeriodElapsedCallback) refers to ds18b20.o(.bss) for ds18b20
    main.o(i.MX_GPIO_Init) refers to memseta.o(.text) for __aeabi_memclr4
    main.o(i.MX_GPIO_Init) refers to stm32f0xx_hal_gpio.o(i.HAL_GPIO_WritePin) for HAL_GPIO_WritePin
    main.o(i.MX_GPIO_Init) refers to stm32f0xx_hal_gpio.o(i.HAL_GPIO_Init) for HAL_GPIO_Init
    main.o(i.MX_I2C1_Init) refers to stm32f0xx_hal_i2c.o(i.HAL_I2C_Init) for HAL_I2C_Init
    main.o(i.MX_I2C1_Init) refers to stm32f0xx_hal_i2c_ex.o(i.HAL_I2CEx_ConfigAnalogFilter) for HAL_I2CEx_ConfigAnalogFilter
    main.o(i.MX_I2C1_Init) refers to stm32f0xx_hal_i2c_ex.o(i.HAL_I2CEx_ConfigDigitalFilter) for HAL_I2CEx_ConfigDigitalFilter
    main.o(i.MX_I2C1_Init) refers to main.o(.bss) for .bss
    main.o(i.MX_TIM3_Init) refers to memseta.o(.text) for __aeabi_memclr4
    main.o(i.MX_TIM3_Init) refers to stm32f0xx_hal_tim.o(i.HAL_TIM_Base_Init) for HAL_TIM_Base_Init
    main.o(i.MX_TIM3_Init) refers to stm32f0xx_hal_tim.o(i.HAL_TIM_ConfigClockSource) for HAL_TIM_ConfigClockSource
    main.o(i.MX_TIM3_Init) refers to stm32f0xx_hal_tim.o(i.HAL_TIM_PWM_Init) for HAL_TIM_PWM_Init
    main.o(i.MX_TIM3_Init) refers to stm32f0xx_hal_tim_ex.o(i.HAL_TIMEx_MasterConfigSynchronization) for HAL_TIMEx_MasterConfigSynchronization
    main.o(i.MX_TIM3_Init) refers to stm32f0xx_hal_tim.o(i.HAL_TIM_PWM_ConfigChannel) for HAL_TIM_PWM_ConfigChannel
    main.o(i.MX_TIM3_Init) refers to stm32f0xx_hal_msp.o(i.HAL_TIM_MspPostInit) for HAL_TIM_MspPostInit
    main.o(i.MX_TIM3_Init) refers to main.o(.bss) for .bss
    main.o(i.SystemClock_Config) refers to memseta.o(.text) for __aeabi_memclr4
    main.o(i.SystemClock_Config) refers to stm32f0xx_hal_rcc.o(i.HAL_RCC_OscConfig) for HAL_RCC_OscConfig
    main.o(i.SystemClock_Config) refers to stm32f0xx_hal_rcc.o(i.HAL_RCC_ClockConfig) for HAL_RCC_ClockConfig
    main.o(i.SystemClock_Config) refers to stm32f0xx_hal_rcc_ex.o(i.HAL_RCCEx_PeriphCLKConfig) for HAL_RCCEx_PeriphCLKConfig
    main.o(i.SystemClock_Config) refers to stm32f0xx_hal_rcc.o(i.HAL_RCC_EnableCSS) for HAL_RCC_EnableCSS
[...]
    Removing generaltec ac remote transmitter.o(.revsh_text), (4 bytes).
    Removing 1602 lcd i2c.o(.rev16_text), (4 bytes).
    Removing 1602 lcd i2c.o(.revsh_text), (4 bytes).
    Removing 1602 lcd i2c.o(i.lcd_cursor), (30 bytes).
    Removing 1602 lcd i2c.o(i.lcd_dispval), (348 bytes).
    Removing 1602 lcd i2c.o(i.lcd_gotox), (18 bytes).
    Removing 1602 lcd i2c.o(i.lcd_shift), (40 bytes).
    Removing buzzer.o(.rev16_text), (4 bytes).
    Removing buzzer.o(.revsh_text), (4 bytes).
    Removing at24_hal_i2c.o(.rev16_text), (4 bytes).
    Removing at24_hal_i2c.o(.revsh_text), (4 bytes).
    Removing at24_hal_i2c.o(i.at24_HAL_EraseMemFull), (80 bytes).
    Removing at24_hal_i2c.o(.constdata), (32 bytes).
    Removing stm32f0xx_hal_tim.o(i.__ARM_common_switch8), (26 bytes).

344 unused section(s) (total 21731 bytes) removed from the image.

==============================================================================

Image Symbol Table

    Local Symbols

    Symbol Name                              Value     Ov Type        Size  Object(Section)

    ../Drivers/STM32F0xx_HAL_Driver/Src/stm32f0xx_hal.c 0x00000000   Number         0  stm32f0xx_hal.o ABSOLUTE
    ../Drivers/STM32F0xx_HAL_Driver/Src/stm32f0xx_hal_cortex.c 0x00000000   Number         0  stm32f0xx_hal_cortex.o ABSOLUTE
    ../Drivers/STM32F0xx_HAL_Driver/Src/stm32f0xx_hal_dma.c 0x00000000   Number         0  stm32f0xx_hal_dma.o ABSOLUTE
    ../Drivers/STM32F0xx_HAL_Driver/Src/stm32f0xx_hal_flash.c 0x00000000   Number         0  stm32f0xx_hal_flash.o ABSOLUTE
    ../Drivers/STM32F0xx_HAL_Driver/Src/stm32f0xx_hal_flash_ex.c 0x00000000   Number         0  stm32f0xx_hal_flash_ex.o ABSOLUTE
    ../Drivers/STM32F0xx_HAL_Driver/Src/stm32f0xx_hal_gpio.c 0x00000000   Number         0  stm32f0xx_hal_gpio.o ABSOLUTE
    ../Drivers/STM32F0xx_HAL_Driver/Src/stm32f0xx_hal_i2c.c 0x00000000   Number         0  stm32f0xx_hal_i2c.o ABSOLUTE
    ../Drivers/STM32F0xx_HAL_Driver/Src/stm32f0xx_hal_i2c_ex.c 0x00000000   Number         0  stm32f0xx_hal_i2c_ex.o ABSOLUTE
    ../Drivers/STM32F0xx_HAL_Driver/Src/stm32f0xx_hal_iwdg.c 0x00000000   Number         0  stm32f0xx_hal_iwdg.o ABSOLUTE
    ../Drivers/STM32F0xx_HAL_Driver/Src/stm32f0xx_hal_pwr.c 0x00000000   Number         0  stm32f0xx_hal_pwr.o ABSOLUTE
    ../Drivers/STM32F0xx_HAL_Driver/Src/stm32f0xx_hal_pwr_ex.c 0x00000000   Number         0  stm32f0xx_hal_pwr_ex.o ABSOLUTE
    ../Drivers/STM32F0xx_HAL_Driver/Src/stm32f0xx_hal_rcc.c 0x00000000   Number         0  stm32f0xx_hal_rcc.o ABSOLUTE
    ../Drivers/STM32F0xx_HAL_Driver/Src/stm32f0xx_hal_rcc_ex.c 0x00000000   Number         0  stm32f0xx_hal_rcc_ex.o ABSOLUTE
    ../Drivers/STM32F0xx_HAL_Driver/Src/stm32f0xx_hal_tim.c 0x00000000   Number         0  stm32f0xx_hal_tim.o ABSOLUTE
    ../Drivers/STM32F0xx_HAL_Driver/Src/stm32f0xx_hal_tim_ex.c 0x00000000   Number         0  stm32f0xx_hal_tim_ex.o ABSOLUTE
    ../Src/main.c                            0x00000000   Number         0  main.o ABSOLUTE
    ../Src/stm32f0xx_hal_msp.c               0x00000000   Number         0  stm32f0xx_hal_msp.o ABSOLUTE
    ../Src/stm32f0xx_it.c                    0x00000000   Number         0  stm32f0xx_it.o ABSOLUTE
    ../Src/system_stm32f0xx.c                0x00000000   Number         0  system_stm32f0xx.o ABSOLUTE
    ../clib/microlib/division.c              0x00000000   Number         0  uldiv.o ABSOLUTE
    ../clib/microlib/division.c              0x00000000   Number         0  uidiv.o ABSOLUTE
    ../clib/microlib/init/entry.s            0x00000000   Number         0  entry5.o ABSOLUTE
    ../clib/microlib/init/entry.s            0x00000000   Number         0  entry2.o ABSOLUTE
    ../clib/microlib/init/entry.s            0x00000000   Number         0  entry7a.o ABSOLUTE
    ../clib/microlib/init/entry.s            0x00000000   Number         0  entry11a.o ABSOLUTE
    ../clib/microlib/init/entry.s            0x00000000   Number         0  entry10b.o ABSOLUTE
    ../clib/microlib/init/entry.s            0x00000000   Number         0  entry10a.o ABSOLUTE
    ../clib/microlib/init/entry.s            0x00000000   Number         0  entry9b.o ABSOLUTE
    ../clib/microlib/init/entry.s            0x00000000   Number         0  entry11b.o ABSOLUTE
    ../clib/microlib/init/entry.s            0x00000000   Number         0  entry12a.o ABSOLUTE
    ../clib/microlib/init/entry.s            0x00000000   Number         0  entry8b.o ABSOLUTE
    ../clib/microlib/init/entry.s            0x00000000   Number         0  entry8a.o ABSOLUTE
    ../clib/microlib/init/entry.s            0x00000000   Number         0  entry12b.o ABSOLUTE
    ../clib/microlib/init/entry.s            0x00000000   Number         0  entry.o ABSOLUTE
    ../clib/microlib/init/entry.s            0x00000000   Number         0  entry9a.o ABSOLUTE
    ../clib/microlib/init/entry.s            0x00000000   Number         0  entry7b.o ABSOLUTE
    ../clib/microlib/longlong.c              0x00000000   Number         0  llushr.o ABSOLUTE
    ../clib/microlib/longlong.c              0x00000000   Number         0  llsshr.o ABSOLUTE
    ../clib/microlib/longlong.c              0x00000000   Number         0  llshl.o ABSOLUTE
    ../clib/microlib/malloc/malloc.c         0x00000000   Number         0  malloc.o ABSOLUTE
    ../clib/microlib/malloc/malloc.c         0x00000000   Number         0  mallocr.o ABSOLUTE
    ../clib/microlib/malloc/malloc.c         0x00000000   Number         0  malloca.o ABSOLUTE
    ../clib/microlib/malloc/malloc.c         0x00000000   Number         0  mallocra.o ABSOLUTE
    ../clib/microlib/malloc/mvars.c          0x00000000   Number         0  mvars.o ABSOLUTE
    ../clib/microlib/printf/printf.c         0x00000000   Number         0  printf5.o ABSOLUTE
    ../clib/microlib/printf/printf.c         0x00000000   Number         0  printf6.o ABSOLUTE
    ../clib/microlib/printf/printf.c         0x00000000   Number         0  printf7.o ABSOLUTE
    ../clib/microlib/printf/printf.c         0x00000000   Number         0  printf8.o ABSOLUTE
    ../clib/microlib/printf/printf.c         0x00000000   Number         0  printfa.o ABSOLUTE
    ../clib/microlib/printf/printf.c         0x00000000   Number         0  printf2.o ABSOLUTE
    ../clib/microlib/printf/printf.c         0x00000000   Number         0  printfb.o ABSOLUTE
    ../clib/microlib/printf/printf.c         0x00000000   Number         0  printf0.o ABSOLUTE
    ../clib/microlib/printf/printf.c         0x00000000   Number         0  printf1.o ABSOLUTE
    ../clib/microlib/printf/printf.c         0x00000000   Number         0  printf3.o ABSOLUTE
    ../clib/microlib/printf/printf.c         0x00000000   Number         0  printf4.o ABSOLUTE
    ../clib/microlib/printf/stubs.s          0x00000000   Number         0  stubs.o ABSOLUTE
    ../clib/microlib/stdio/fputc.c           0x00000000   Number         0  fputc.o ABSOLUTE
    ../clib/microlib/stdio/semi.s            0x00000000   Number         0  semi.o ABSOLUTE
    ../clib/microlib/stdio/streams.c         0x00000000   Number         0  stdout.o ABSOLUTE
    ../clib/microlib/string/memcpy.c         0x00000000   Number         0  memcpyb.o ABSOLUTE
    ../clib/microlib/string/memcpy.c         0x00000000   Number         0  memcpya.o ABSOLUTE
    ../clib/microlib/string/memset.c         0x00000000   Number         0  memseta.o ABSOLUTE
    ../clib/microlib/stubs.s                 0x00000000   Number         0  iusesemip.o ABSOLUTE
    ../clib/microlib/stubs.s                 0x00000000   Number         0  iusefp.o ABSOLUTE
    ../fplib/microlib/d2f.c                  0x00000000   Number         0  d2f.o ABSOLUTE
    ../fplib/microlib/f2d.c                  0x00000000   Number         0  f2d.o ABSOLUTE
    ../fplib/microlib/fpadd.c                0x00000000   Number         0  fadd.o ABSOLUTE
    ../fplib/microlib/fpadd.c                0x00000000   Number         0  dadd.o ABSOLUTE
    ../fplib/microlib/fpdiv.c                0x00000000   Number         0  ddiv.o ABSOLUTE
    ../fplib/microlib/fpepilogue.c           0x00000000   Number         0  fepilogue.o ABSOLUTE
    ../fplib/microlib/fpepilogue.c           0x00000000   Number         0  depilogue.o ABSOLUTE
    ../fplib/microlib/fpfix.c                0x00000000   Number         0  dfixui.o ABSOLUTE
    ../fplib/microlib/fpfix.c                0x00000000   Number         0  dfixul.o ABSOLUTE
    ../fplib/microlib/fpflt.c                0x00000000   Number         0  ffltui.o ABSOLUTE
    ../fplib/microlib/fpflt.c                0x00000000   Number         0  dfltui.o ABSOLUTE
    ../fplib/microlib/fpflt.c                0x00000000   Number         0  fflti.o ABSOLUTE
    ../fplib/microlib/fpmul.c                0x00000000   Number         0  dmul.o ABSOLUTE
    ../fplib/microlib/fpscalb.c              0x00000000   Number         0  fscalb.o ABSOLUTE
    ..\AT24C02\at24_hal_i2c.c                0x00000000   Number         0  at24_hal_i2c.o ABSOLUTE
    ..\Buzzer\Buzzer.c                       0x00000000   Number         0  buzzer.o ABSOLUTE
    ..\Drivers\STM32F0xx_HAL_Driver\Src\stm32f0xx_hal.c 0x00000000   Number         0  stm32f0xx_hal.o ABSOLUTE
    ..\Drivers\STM32F0xx_HAL_Driver\Src\stm32f0xx_hal_cortex.c 0x00000000   Number         0  stm32f0xx_hal_cortex.o ABSOLUTE
    ..\Drivers\STM32F0xx_HAL_Driver\Src\stm32f0xx_hal_dma.c 0x00000000   Number         0  stm32f0xx_hal_dma.o ABSOLUTE
    ..\Drivers\STM32F0xx_HAL_Driver\Src\stm32f0xx_hal_flash.c 0x00000000   Number         0  stm32f0xx_hal_flash.o ABSOLUTE
    ..\Drivers\STM32F0xx_HAL_Driver\Src\stm32f0xx_hal_flash_ex.c 0x00000000   Number         0  stm32f0xx_hal_flash_ex.o ABSOLUTE
    ..\Drivers\STM32F0xx_HAL_Driver\Src\stm32f0xx_hal_gpio.c 0x00000000   Number         0  stm32f0xx_hal_gpio.o ABSOLUTE
    ..\Drivers\STM32F0xx_HAL_Driver\Src\stm32f0xx_hal_i2c.c 0x00000000   Number         0  stm32f0xx_hal_i2c.o ABSOLUTE
    ..\Drivers\STM32F0xx_HAL_Driver\Src\stm32f0xx_hal_i2c_ex.c 0x00000000   Number         0  stm32f0xx_hal_i2c_ex.o ABSOLUTE
    ..\Drivers\STM32F0xx_HAL_Driver\Src\stm32f0xx_hal_iwdg.c 0x00000000   Number         0  stm32f0xx_hal_iwdg.o ABSOLUTE
    ..\Drivers\STM32F0xx_HAL_Driver\Src\stm32f0xx_hal_pwr.c 0x00000000   Number         0  stm32f0xx_hal_pwr.o ABSOLUTE
    ..\Drivers\STM32F0xx_HAL_Driver\Src\stm32f0xx_hal_pwr_ex.c 0x00000000   Number         0  stm32f0xx_hal_pwr_ex.o ABSOLUTE
    ..\Drivers\STM32F0xx_HAL_Driver\Src\stm32f0xx_hal_rcc.c 0x00000000   Number         0  stm32f0xx_hal_rcc.o ABSOLUTE
    ..\Drivers\STM32F0xx_HAL_Driver\Src\stm32f0xx_hal_rcc_ex.c 0x00000000   Number         0  stm32f0xx_hal_rcc_ex.o ABSOLUTE
    ..\Drivers\STM32F0xx_HAL_Driver\Src\stm32f0xx_hal_tim.c 0x00000000   Number         0  stm32f0xx_hal_tim.o ABSOLUTE
    ..\Drivers\STM32F0xx_HAL_Driver\Src\stm32f0xx_hal_tim_ex.c 0x00000000   Number         0  stm32f0xx_hal_tim_ex.o ABSOLUTE
    ..\NEC Transmitter\Generaltec AC Remote Transmitter.c 0x00000000   Number         0  generaltec ac remote transmitter.o ABSOLUTE
    ..\NEC Transmitter\delay_us.c            0x00000000   Number         0  delay_us.o ABSOLUTE
    ..\Src\main.c                            0x00000000   Number         0  main.o ABSOLUTE
    ..\Src\stm32f0xx_hal_msp.c               0x00000000   Number         0  stm32f0xx_hal_msp.o ABSOLUTE
    ..\Src\stm32f0xx_it.c                    0x00000000   Number         0  stm32f0xx_it.o ABSOLUTE
    ..\Src\system_stm32f0xx.c                0x00000000   Number         0  system_stm32f0xx.o ABSOLUTE
    ..\\AT24C02\\at24_hal_i2c.c              0x00000000   Number         0  at24_hal_i2c.o ABSOLUTE
    ..\\Buzzer\\Buzzer.c                     0x00000000   Number         0  buzzer.o ABSOLUTE
    ..\\NEC Transmitter\\Generaltec AC Remote Transmitter.c 0x00000000   Number         0  generaltec ac remote transmitter.o ABSOLUTE
    ..\\NEC Transmitter\\delay_us.c          0x00000000   Number         0  delay_us.o ABSOLUTE
    ..\\ds18b20Lib\\ds18b20.c                0x00000000   Number         0  ds18b20.o ABSOLUTE
    ..\\ds18b20Lib\\onewire.c                0x00000000   Number         0  onewire.o ABSOLUTE
    ..\\i2c LCD\\1602 LCD i2c.c              0x00000000   Number         0  1602 lcd i2c.o ABSOLUTE
    ..\ds18b20Lib\ds18b20.c                  0x00000000   Number         0  ds18b20.o ABSOLUTE
    ..\ds18b20Lib\onewire.c                  0x00000000   Number         0  onewire.o ABSOLUTE
    ..\i2c LCD\1602 LCD i2c.c                0x00000000   Number         0  1602 lcd i2c.o ABSOLUTE
    cdcmple.s                                0x00000000   Number         0  cdcmple.o ABSOLUTE
    cdrcmple.s                               0x00000000   Number         0  cdrcmple.o ABSOLUTE
    cfcmple.s                                0x00000000   Number         0  cfcmple.o ABSOLUTE
    cfrcmple.s                               0x00000000   Number         0  cfrcmple.o ABSOLUTE
    dc.s                                     0x00000000   Number         0  dc.o ABSOLUTE
    handlers.s                               0x00000000   Number         0  handlers.o ABSOLUTE
    init.s                                   0x00000000   Number         0  init.o ABSOLUTE
    startup_stm32f030x6.s                    0x00000000   Number         0  startup_stm32f030x6.o ABSOLUTE
    RESET                                    0x08000000   Section      176  startup_stm32f030x6.o(RESET)
    .ARM.Collect$$$$00000000                 0x080000b0   Section        0  entry.o(.ARM.Collect$$$$00000000)
    .ARM.Collect$$$$00000001                 0x080000b0   Section        4  entry2.o(.ARM.Collect$$$$00000001)
    .ARM.Collect$$$$00000004                 0x080000b4   Section        4  entry5.o(.ARM.Collect$$$$00000004)
    .ARM.Collect$$$$00000008                 0x080000b8   Section        0  entry7b.o(.ARM.Collect$$$$00000008)
    .ARM.Collect$$$$0000000A                 0x080000b8   Section        0  entry8b.o(.ARM.Collect$$$$0000000A)
    .ARM.Collect$$$$0000000B                 0x080000b8   Section        8  entry9a.o(.ARM.Collect$$$$0000000B)
    .ARM.Collect$$$$0000000E                 0x080000c0   Section        4  entry12b.o(.ARM.Collect$$$$0000000E)
    .ARM.Collect$$$$0000000F                 0x080000c4   Section        0  entry10a.o(.ARM.Collect$$$$0000000F)
    .ARM.Collect$$$$00000011                 0x080000c4   Section        0  entry11a.o(.ARM.Collect$$$$00000011)
    .ARM.Collect$$$$00002712                 0x080000c4   Section        4  entry2.o(.ARM.Collect$$$$00002712)
    __lit__00000000                          0x080000c4   Data           4  entry2.o(.ARM.Collect$$$$00002712)
    .text                                    0x080000c8   Section       28  startup_stm32f030x6.o(.text)
    .text                                    0x080000e4   Section        0  uidiv.o(.text)
    .text                                    0x08000110   Section        0  llushr.o(.text)
    .text                                    0x08000132   Section        0  memseta.o(.text)
    .text                                    0x08000156   Section        0  fadd.o(.text)
    .text                                    0x08000208   Section        0  fscalb.o(.text)
    .text                                    0x08000220   Section        0  dadd.o(.text)
    .text                                    0x08000388   Section        0  dmul.o(.text)
    .text                                    0x08000458   Section        0  fflti.o(.text)
    .text                                    0x0800046e   Section        0  ffltui.o(.text)
    .text                                    0x0800047c   Section        0  dfltui.o(.text)
    .text                                    0x08000498   Section        0  dfixui.o(.text)
    .text                                    0x080004d4   Section        0  f2d.o(.text)
    .text                                    0x080004fc   Section       40  cdcmple.o(.text)
    .text                                    0x08000524   Section       40  cdrcmple.o(.text)
    .text                                    0x0800054c   Section        0  d2f.o(.text)
    .text                                    0x08000584   Section       20  cfcmple.o(.text)
    .text                                    0x08000598   Section       20  cfrcmple.o(.text)
    .text                                    0x080005ac   Section        0  uldiv.o(.text)
    .text                                    0x0800060c   Section        0  llshl.o(.text)
    .text                                    0x0800062c   Section        0  llsshr.o(.text)
    .text                                    0x08000652   Section        0  fepilogue.o(.text)
    .text                                    0x08000652   Section        0  iusefp.o(.text)
    .text                                    0x080006d4   Section        0  depilogue.o(.text)
    .text                                    0x08000794   Section        0  ddiv.o(.text)
    .text                                    0x08000884   Section        0  dfixul.o(.text)
    .text                                    0x080008c4   Section       36  init.o(.text)
    i.Buzzer_Beep                            0x080008e8   Section        0  buzzer.o(i.Buzzer_Beep)
    i.DS18B20_AllDone                        0x0800091a   Section        0  ds18b20.o(i.DS18B20_AllDone)
    i.DS18B20_DisableAlarmTemperature        0x08000922   Section        0  ds18b20.o(i.DS18B20_DisableAlarmTemperature)
    i.DS18B20_Is                             0x080009b4   Section        0  ds18b20.o(i.DS18B20_Is)
    i.DS18B20_Read                           0x080009c4   Section        0  ds18b20.o(i.DS18B20_Read)
    i.DS18B20_SetResolution                  0x08000ac0   Section        0  ds18b20.o(i.DS18B20_SetResolution)
    i.DS18B20_StartAll                       0x08000b80   Section        0  ds18b20.o(i.DS18B20_StartAll)
    i.Ds18b20_Init                           0x08000b9c   Section        0  ds18b20.o(i.Ds18b20_Init)
    i.Ds18b20_ManualConvert                  0x08000c58   Section        0  ds18b20.o(i.Ds18b20_ManualConvert)
    i.HAL_Delay                              0x08000ce0   Section        0  stm32f0xx_hal.o(i.HAL_Delay)
    i.HAL_GPIO_Init                          0x08000cfc   Section        0  stm32f0xx_hal_gpio.o(i.HAL_GPIO_Init)
    i.HAL_GPIO_ReadPin                       0x08000e44   Section        0  stm32f0xx_hal_gpio.o(i.HAL_GPIO_ReadPin)
    i.HAL_GPIO_WritePin                      0x08000e4e   Section        0  stm32f0xx_hal_gpio.o(i.HAL_GPIO_WritePin)
    i.HAL_GetTick                            0x08000e5c   Section        0  stm32f0xx_hal.o(i.HAL_GetTick)
    i.HAL_I2CEx_ConfigAnalogFilter           0x08000e68   Section        0  stm32f0xx_hal_i2c_ex.o(i.HAL_I2CEx_ConfigAnalogFilter)
    i.HAL_I2CEx_ConfigDigitalFilter          0x08000eb2   Section        0  stm32f0xx_hal_i2c_ex.o(i.HAL_I2CEx_ConfigDigitalFilter)
    i.HAL_I2C_Init                           0x08000efc   Section        0  stm32f0xx_hal_i2c.o(i.HAL_I2C_Init)
    i.HAL_I2C_Master_Transmit                0x08000fb0   Section        0  stm32f0xx_hal_i2c.o(i.HAL_I2C_Master_Transmit)
    i.HAL_I2C_Mem_Read                       0x080010c8   Section        0  stm32f0xx_hal_i2c.o(i.HAL_I2C_Mem_Read)
    i.HAL_I2C_Mem_Write                      0x08001220   Section        0  stm32f0xx_hal_i2c.o(i.HAL_I2C_Mem_Write)
    i.HAL_I2C_MspInit                        0x08001374   Section        0  stm32f0xx_hal_msp.o(i.HAL_I2C_MspInit)
    i.HAL_IWDG_Init                          0x080013d8   Section        0  stm32f0xx_hal_iwdg.o(i.HAL_IWDG_Init)
    i.HAL_IWDG_Refresh                       0x0800143c   Section        0  stm32f0xx_hal_iwdg.o(i.HAL_IWDG_Refresh)
    i.HAL_IncTick                            0x0800144c   Section        0  stm32f0xx_hal.o(i.HAL_IncTick)
    i.HAL_Init                               0x0800145c   Section        0  stm32f0xx_hal.o(i.HAL_Init)
    i.HAL_InitTick                           0x0800147c   Section        0  stm32f0xx_hal.o(i.HAL_InitTick)
    i.HAL_MspInit                            0x080014a0   Section        0  stm32f0xx_hal_msp.o(i.HAL_MspInit)
    i.HAL_NVIC_EnableIRQ                     0x080014c8   Section        0  stm32f0xx_hal_cortex.o(i.HAL_NVIC_EnableIRQ)
    i.HAL_NVIC_SetPriority                   0x080014dc   Section        0  stm32f0xx_hal_cortex.o(i.HAL_NVIC_SetPriority)
    i.HAL_RCCEx_PeriphCLKConfig              0x080014e4   Section        0  stm32f0xx_hal_rcc_ex.o(i.HAL_RCCEx_PeriphCLKConfig)
    i.HAL_RCC_CSSCallback                    0x080015cc   Section        0  stm32f0xx_hal_rcc.o(i.HAL_RCC_CSSCallback)
    i.HAL_RCC_ClockConfig                    0x080015d0   Section        0  stm32f0xx_hal_rcc.o(i.HAL_RCC_ClockConfig)
    i.HAL_RCC_EnableCSS                      0x080016fc   Section        0  stm32f0xx_hal_rcc.o(i.HAL_RCC_EnableCSS)
    i.HAL_RCC_GetHCLKFreq                    0x08001710   Section        0  stm32f0xx_hal_rcc.o(i.HAL_RCC_GetHCLKFreq)
    i.HAL_RCC_GetSysClockFreq                0x0800171c   Section        0  stm32f0xx_hal_rcc.o(i.HAL_RCC_GetSysClockFreq)
    i.HAL_RCC_NMI_IRQHandler                 0x08001794   Section        0  stm32f0xx_hal_rcc.o(i.HAL_RCC_NMI_IRQHandler)
    i.HAL_RCC_OscConfig                      0x080017ac   Section        0  stm32f0xx_hal_rcc.o(i.HAL_RCC_OscConfig)
    i.HAL_SYSTICK_Config                     0x08001b00   Section        0  stm32f0xx_hal_cortex.o(i.HAL_SYSTICK_Config)
    i.HAL_TIMEx_BreakCallback                0x08001b30   Section        0  stm32f0xx_hal_tim_ex.o(i.HAL_TIMEx_BreakCallback)
    i.HAL_TIMEx_CommutationCallback          0x08001b32   Section        0  stm32f0xx_hal_tim_ex.o(i.HAL_TIMEx_CommutationCallback)
    i.HAL_TIMEx_MasterConfigSynchronization  0x08001b34   Section        0  stm32f0xx_hal_tim_ex.o(i.HAL_TIMEx_MasterConfigSynchronization)
    i.HAL_TIM_Base_Init                      0x08001b7c   Section        0  stm32f0xx_hal_tim.o(i.HAL_TIM_Base_Init)
    i.HAL_TIM_Base_MspInit                   0x08001bb0   Section        0  stm32f0xx_hal_msp.o(i.HAL_TIM_Base_MspInit)
    i.HAL_TIM_Base_Start                     0x08001c10   Section        0  stm32f0xx_hal_tim.o(i.HAL_TIM_Base_Start)
    i.HAL_TIM_Base_Start_IT                  0x08001c28   Section        0  stm32f0xx_hal_tim.o(i.HAL_TIM_Base_Start_IT)
    i.HAL_TIM_ConfigClockSource              0x08001c3e   Section        0  stm32f0xx_hal_tim.o(i.HAL_TIM_ConfigClockSource)
    i.HAL_TIM_IC_CaptureCallback             0x08001d2c   Section        0  stm32f0xx_hal_tim.o(i.HAL_TIM_IC_CaptureCallback)
    i.HAL_TIM_IRQHandler                     0x08001d2e   Section        0  stm32f0xx_hal_tim.o(i.HAL_TIM_IRQHandler)
    i.HAL_TIM_MspPostInit                    0x08001e90   Section        0  stm32f0xx_hal_msp.o(i.HAL_TIM_MspPostInit)
    i.HAL_TIM_OC_DelayElapsedCallback        0x08001ef8   Section        0  stm32f0xx_hal_tim.o(i.HAL_TIM_OC_DelayElapsedCallback)
    i.HAL_TIM_PWM_ConfigChannel              0x08001efa   Section        0  stm32f0xx_hal_tim.o(i.HAL_TIM_PWM_ConfigChannel)
    i.HAL_TIM_PWM_Init                       0x08001fca   Section        0  stm32f0xx_hal_tim.o(i.HAL_TIM_PWM_Init)
    i.HAL_TIM_PWM_MspInit                    0x08001ffe   Section        0  stm32f0xx_hal_tim.o(i.HAL_TIM_PWM_MspInit)
    i.HAL_TIM_PWM_PulseFinishedCallback      0x08002000   Section        0  stm32f0xx_hal_tim.o(i.HAL_TIM_PWM_PulseFinishedCallback)
    i.HAL_TIM_PWM_Start                      0x08002004   Section        0  stm32f0xx_hal_tim.o(i.HAL_TIM_PWM_Start)
    i.HAL_TIM_PWM_Stop                       0x08002048   Section        0  stm32f0xx_hal_tim.o(i.HAL_TIM_PWM_Stop)
    i.HAL_TIM_PeriodElapsedCallback          0x080020b4   Section        0  main.o(i.HAL_TIM_PeriodElapsedCallback)
    i.HAL_TIM_TriggerCallback                0x080022dc   Section        0  stm32f0xx_hal_tim.o(i.HAL_TIM_TriggerCallback)
    i.HardFault_Handler                      0x080022de   Section        0  stm32f0xx_it.o(i.HardFault_Handler)
    i.I2C_Flush_TXDR                         0x080022e0   Section        0  stm32f0xx_hal_i2c.o(i.I2C_Flush_TXDR)
    I2C_Flush_TXDR                           0x080022e1   Thumb Code    34  stm32f0xx_hal_i2c.o(i.I2C_Flush_TXDR)
    i.I2C_IsAcknowledgeFailed                0x08002304   Section        0  stm32f0xx_hal_i2c.o(i.I2C_IsAcknowledgeFailed)
    I2C_IsAcknowledgeFailed                  0x08002305   Thumb Code   110  stm32f0xx_hal_i2c.o(i.I2C_IsAcknowledgeFailed)
    i.I2C_RequestMemoryRead                  0x08002378   Section        0  stm32f0xx_hal_i2c.o(i.I2C_RequestMemoryRead)
    I2C_RequestMemoryRead                    0x08002379   Thumb Code   106  stm32f0xx_hal_i2c.o(i.I2C_RequestMemoryRead)
    i.I2C_RequestMemoryWrite                 0x080023e2   Section        0  stm32f0xx_hal_i2c.o(i.I2C_RequestMemoryWrite)
    I2C_RequestMemoryWrite                   0x080023e3   Thumb Code   106  stm32f0xx_hal_i2c.o(i.I2C_RequestMemoryWrite)
    i.I2C_TransferConfig                     0x0800244c   Section        0  stm32f0xx_hal_i2c.o(i.I2C_TransferConfig)
    I2C_TransferConfig                       0x0800244d   Thumb Code    30  stm32f0xx_hal_i2c.o(i.I2C_TransferConfig)
    i.I2C_WaitOnFlagUntilTimeout             0x08002470   Section        0  stm32f0xx_hal_i2c.o(i.I2C_WaitOnFlagUntilTimeout)
    I2C_WaitOnFlagUntilTimeout               0x08002471   Thumb Code    72  stm32f0xx_hal_i2c.o(i.I2C_WaitOnFlagUntilTimeout)
    i.I2C_WaitOnSTOPFlagUntilTimeout         0x080024b8   Section        0  stm32f0xx_hal_i2c.o(i.I2C_WaitOnSTOPFlagUntilTimeout)
    I2C_WaitOnSTOPFlagUntilTimeout           0x080024b9   Thumb Code    78  stm32f0xx_hal_i2c.o(i.I2C_WaitOnSTOPFlagUntilTimeout)
    i.I2C_WaitOnTXISFlagUntilTimeout         0x08002506   Section        0  stm32f0xx_hal_i2c.o(i.I2C_WaitOnTXISFlagUntilTimeout)
    I2C_WaitOnTXISFlagUntilTimeout           0x08002507   Thumb Code    82  stm32f0xx_hal_i2c.o(i.I2C_WaitOnTXISFlagUntilTimeout)
    i.MX_GPIO_Init                           0x08002558   Section        0  main.o(i.MX_GPIO_Init)
    MX_GPIO_Init                             0x08002559   Thumb Code   150  main.o(i.MX_GPIO_Init)
    i.MX_I2C1_Init                           0x080025fc   Section        0  main.o(i.MX_I2C1_Init)
    MX_I2C1_Init                             0x080025fd   Thumb Code    50  main.o(i.MX_I2C1_Init)
    i.MX_TIM3_Init                           0x0800263c   Section        0  main.o(i.MX_TIM3_Init)
    MX_TIM3_Init                             0x0800263d   Thumb Code   124  main.o(i.MX_TIM3_Init)
    i.NEC_AC_OFF                             0x080026c4   Section        0  generaltec ac remote transmitter.o(i.NEC_AC_OFF)
    i.NEC_AC_ON                              0x080026d4   Section        0  generaltec ac remote transmitter.o(i.NEC_AC_ON)
    i.NEC_transmit                           0x080026e4   Section        0  generaltec ac remote transmitter.o(i.NEC_transmit)
    i.NMI_Handler                            0x080027b0   Section        0  stm32f0xx_it.o(i.NMI_Handler)
    i.NVIC_SetPriority                       0x080027b8   Section        0  stm32f0xx_hal_cortex.o(i.NVIC_SetPriority)
    NVIC_SetPriority                         0x080027b9   Thumb Code    60  stm32f0xx_hal_cortex.o(i.NVIC_SetPriority)
    i.ONEWIRE_INPUT                          0x080027fc   Section        0  onewire.o(i.ONEWIRE_INPUT)
    i.ONEWIRE_OUTPUT                         0x0800281c   Section        0  onewire.o(i.ONEWIRE_OUTPUT)
    i.OneWire_CRC8                           0x0800283c   Section        0  onewire.o(i.OneWire_CRC8)
    i.OneWire_First                          0x08002872   Section        0  onewire.o(i.OneWire_First)
    i.OneWire_GetFullROM                     0x08002884   Section        0  onewire.o(i.OneWire_GetFullROM)
    i.OneWire_Init                           0x08002896   Section        0  onewire.o(i.OneWire_Init)
    i.OneWire_Next                           0x080028ca   Section        0  onewire.o(i.OneWire_Next)
    i.OneWire_ReadBit                        0x080028d4   Section        0  onewire.o(i.OneWire_ReadBit)
    i.OneWire_ReadByte                       0x08002912   Section        0  onewire.o(i.OneWire_ReadByte)
    i.OneWire_Reset                          0x08002936   Section        0  onewire.o(i.OneWire_Reset)
    i.OneWire_ResetSearch                    0x08002978   Section        0  onewire.o(i.OneWire_ResetSearch)
    i.OneWire_Search                         0x08002982   Section        0  onewire.o(i.OneWire_Search)
    i.OneWire_SelectWithPointer              0x08002a3a   Section        0  onewire.o(i.OneWire_SelectWithPointer)
    i.OneWire_WriteBit                       0x08002a5a   Section        0  onewire.o(i.OneWire_WriteBit)
    i.OneWire_WriteByte                      0x08002a9e   Section        0  onewire.o(i.OneWire_WriteByte)
    i.PendSV_Handler                         0x08002ac0   Section        0  stm32f0xx_it.o(i.PendSV_Handler)
    i.SVC_Handler                            0x08002ac2   Section        0  stm32f0xx_it.o(i.SVC_Handler)
    i.SysTick_Handler                        0x08002ac4   Section        0  stm32f0xx_it.o(i.SysTick_Handler)
    i.SystemClock_Config                     0x08002acc   Section        0  main.o(i.SystemClock_Config)
    i.SystemInit                             0x08002b2c   Section        0  system_stm32f0xx.o(i.SystemInit)
    i.TIM1_BRK_UP_TRG_COM_IRQHandler         0x08002b88   Section        0  stm32f0xx_it.o(i.TIM1_BRK_UP_TRG_COM_IRQHandler)
    i.TIM_Base_SetConfig                     0x08002b98   Section        0  stm32f0xx_hal_tim.o(i.TIM_Base_SetConfig)
    i.TIM_CCxChannelCmd                      0x08002c10   Section        0  stm32f0xx_hal_tim.o(i.TIM_CCxChannelCmd)
    i.TIM_ETR_SetConfig                      0x08002c26   Section        0  stm32f0xx_hal_tim.o(i.TIM_ETR_SetConfig)
    i.TIM_ITRx_SetConfig                     0x08002c3c   Section        0  stm32f0xx_hal_tim.o(i.TIM_ITRx_SetConfig)
    TIM_ITRx_SetConfig                       0x08002c3d   Thumb Code    16  stm32f0xx_hal_tim.o(i.TIM_ITRx_SetConfig)
    i.TIM_OC1_SetConfig                      0x08002c4c   Section        0  stm32f0xx_hal_tim.o(i.TIM_OC1_SetConfig)
    TIM_OC1_SetConfig                        0x08002c4d   Thumb Code   108  stm32f0xx_hal_tim.o(i.TIM_OC1_SetConfig)
    i.TIM_OC2_SetConfig                      0x08002cc4   Section        0  stm32f0xx_hal_tim.o(i.TIM_OC2_SetConfig)
    i.TIM_OC3_SetConfig                      0x08002d38   Section        0  stm32f0xx_hal_tim.o(i.TIM_OC3_SetConfig)
    TIM_OC3_SetConfig                        0x08002d39   Thumb Code   106  stm32f0xx_hal_tim.o(i.TIM_OC3_SetConfig)
    i.TIM_OC4_SetConfig                      0x08002db0   Section        0  stm32f0xx_hal_tim.o(i.TIM_OC4_SetConfig)
    TIM_OC4_SetConfig                        0x08002db1   Thumb Code    84  stm32f0xx_hal_tim.o(i.TIM_OC4_SetConfig)
    i.TIM_TI1_ConfigInputStage               0x08002e10   Section        0  stm32f0xx_hal_tim.o(i.TIM_TI1_ConfigInputStage)
    TIM_TI1_ConfigInputStage                 0x08002e11   Thumb Code    34  stm32f0xx_hal_tim.o(i.TIM_TI1_ConfigInputStage)
    i.TIM_TI2_ConfigInputStage               0x08002e32   Section        0  stm32f0xx_hal_tim.o(i.TIM_TI2_ConfigInputStage)
    TIM_TI2_ConfigInputStage                 0x08002e33   Thumb Code    38  stm32f0xx_hal_tim.o(i.TIM_TI2_ConfigInputStage)
    i.__0snprintf                            0x08002e58   Section        0  printfa.o(i.__0snprintf)
    i.__ARM_clz                              0x08002e90   Section        0  depilogue.o(i.__ARM_clz)
    i.__scatterload_copy                     0x08002ebe   Section       14  handlers.o(i.__scatterload_copy)
    i.__scatterload_null                     0x08002ecc   Section        2  handlers.o(i.__scatterload_null)
    i.__scatterload_zeroinit                 0x08002ece   Section       14  handlers.o(i.__scatterload_zeroinit)
    i._fp_digits                             0x08002edc   Section        0  printfa.o(i._fp_digits)
    _fp_digits                               0x08002edd   Thumb Code   344  printfa.o(i._fp_digits)
    i._printf_core                           0x08003050   Section        0  printfa.o(i._printf_core)
    _printf_core                             0x08003051   Thumb Code  1760  printfa.o(i._printf_core)
    i._printf_post_padding                   0x08003740   Section        0  printfa.o(i._printf_post_padding)
    _printf_post_padding                     0x08003741   Thumb Code    32  printfa.o(i._printf_post_padding)
    i._printf_pre_padding                    0x08003760   Section        0  printfa.o(i._printf_pre_padding)
    _printf_pre_padding                      0x08003761   Thumb Code    44  printfa.o(i._printf_pre_padding)
    i._snputc                                0x0800378c   Section        0  printfa.o(i._snputc)
    _snputc                                  0x0800378d   Thumb Code    22  printfa.o(i._snputc)
    i.at24_HAL_ReadBytes                     0x080037a4   Section        0  at24_hal_i2c.o(i.at24_HAL_ReadBytes)
    i.at24_HAL_Read_Float                    0x080037c8   Section        0  at24_hal_i2c.o(i.at24_HAL_Read_Float)
    i.at24_HAL_WriteBytes                    0x080037d8   Section        0  at24_hal_i2c.o(i.at24_HAL_WriteBytes)
    i.at24_HAL_Write_Float                   0x08003880   Section        0  at24_hal_i2c.o(i.at24_HAL_Write_Float)
    i.button_release_wait                    0x0800388e   Section        0  main.o(i.button_release_wait)
    i.delay_us                               0x080038a4   Section        0  delay_us.o(i.delay_us)
    i.delay_us_init                          0x080038c8   Section        0  delay_us.o(i.delay_us_init)
    i.free                                   0x080038d8   Section        0  malloc.o(i.free)
    i.lcd_backlight                          0x0800392c   Section        0  1602 lcd i2c.o(i.lcd_backlight)
    i.lcd_clear                              0x08003954   Section        0  1602 lcd i2c.o(i.lcd_clear)
    i.lcd_dispfloat                          0x08003964   Section        0  1602 lcd i2c.o(i.lcd_dispfloat)
    i.lcd_dispstr                            0x080039a4   Section        0  1602 lcd i2c.o(i.lcd_dispstr)
    i.lcd_gotoxy                             0x080039be   Section        0  1602 lcd i2c.o(i.lcd_gotoxy)
    i.lcd_gotoy                              0x080039d2   Section        0  1602 lcd i2c.o(i.lcd_gotoy)
    i.lcd_home                               0x080039e4   Section        0  1602 lcd i2c.o(i.lcd_home)
    i.lcd_init                               0x080039ee   Section        0  1602 lcd i2c.o(i.lcd_init)
    i.lcd_send_cmd                           0x08003a40   Section        0  1602 lcd i2c.o(i.lcd_send_cmd)
    i.lcd_send_data                          0x08003a84   Section        0  1602 lcd i2c.o(i.lcd_send_data)
    i.light_eeprom_write                     0x08003ad0   Section        0  main.o(i.light_eeprom_write)
    i.main                                   0x08003ae8   Section        0  main.o(i.main)
    i.malloc                                 0x08003e88   Section        0  malloc.o(i.malloc)
    i.push_button_read                       0x08003ef4   Section        0  main.o(i.push_button_read)
    i.temperature_init                       0x08003f24   Section        0  main.o(i.temperature_init)
    .constdata                               0x08003f60   Section       16  system_stm32f0xx.o(.constdata)
    .data                                    0x20000000   Section       20  main.o(.data)
    .data                                    0x20000014   Section        4  stm32f0xx_hal.o(.data)
    .data                                    0x20000018   Section        4  system_stm32f0xx.o(.data)
    .data                                    0x2000001c   Section        8  ds18b20.o(.data)
    .data                                    0x20000024   Section       26  generaltec ac remote transmitter.o(.data)
    .data                                    0x2000003e   Section        1  1602 lcd i2c.o(.data)
    .data                                    0x20000040   Section        4  mvars.o(.data)
    .data                                    0x20000044   Section        4  mvars.o(.data)
    .bss                                     0x20000048   Section      284  main.o(.bss)
    .bss                                     0x20000164   Section       36  ds18b20.o(.bss)
    HEAP                                     0x20000188   Section      512  startup_stm32f030x6.o(HEAP)
    STACK                                    0x20000388   Section     1024  startup_stm32f030x6.o(STACK)

    Global Symbols

    Symbol Name                              Value     Ov Type        Size  Object(Section)

    BuildAttributes$$THM_ISAv3M$S$PE$A:L22$X:L11$S22$IEEE1$IW$USESV6$~STKCKD$USESV7$~SHL$OTIME$ROPI$EBA8$MICROLIB$REQ8$PRES8$EABIv2 0x00000000   Number         0  anon$$obj.o ABSOLUTE
    __ARM_use_no_argv                        0x00000000   Number         0  main.o ABSOLUTE
    _printf_a                                0x00000000   Number         0  stubs.o ABSOLUTE
    _printf_c                                0x00000000   Number         0  stubs.o ABSOLUTE
    _printf_charcount                        0x00000000   Number         0  stubs.o ABSOLUTE
    _printf_d                                0x00000000   Number         0  stubs.o ABSOLUTE
    _printf_e                                0x00000000   Number         0  stubs.o ABSOLUTE
    _printf_f                                0x00000000   Number         0  stubs.o ABSOLUTE
    _printf_flags                            0x00000000   Number         0  stubs.o ABSOLUTE
    _printf_fp_dec                           0x00000000   Number         0  stubs.o ABSOLUTE
    _printf_fp_hex                           0x00000000   Number         0  stubs.o ABSOLUTE
    _printf_g                                0x00000000   Number         0  stubs.o ABSOLUTE
    _printf_i                                0x00000000   Number         0  stubs.o ABSOLUTE
    _printf_int_dec                          0x00000000   Number         0  stubs.o ABSOLUTE
    _printf_l                                0x00000000   Number         0  stubs.o ABSOLUTE
    _printf_lc                               0x00000000   Number         0  stubs.o ABSOLUTE
    _printf_ll                               0x00000000   Number         0  stubs.o ABSOLUTE
    _printf_lld                              0x00000000   Number         0  stubs.o ABSOLUTE
    _printf_lli                              0x00000000   Number         0  stubs.o ABSOLUTE
    _printf_llo                              0x00000000   Number         0  stubs.o ABSOLUTE
    _printf_llu                              0x00000000   Number         0  stubs.o ABSOLUTE
    _printf_llx                              0x00000000   Number         0  stubs.o ABSOLUTE
    _printf_longlong_dec                     0x00000000   Number         0  stubs.o ABSOLUTE
    _printf_longlong_hex                     0x00000000   Number         0  stubs.o ABSOLUTE
    _printf_longlong_oct                     0x00000000   Number         0  stubs.o ABSOLUTE
    _printf_ls                               0x00000000   Number         0  stubs.o ABSOLUTE
    _printf_mbtowc                           0x00000000   Number         0  stubs.o ABSOLUTE
    _printf_n                                0x00000000   Number         0  stubs.o ABSOLUTE
    _printf_o                                0x00000000   Number         0  stubs.o ABSOLUTE
    _printf_p                                0x00000000   Number         0  stubs.o ABSOLUTE
    _printf_percent                          0x00000000   Number         0  stubs.o ABSOLUTE
    _printf_pre_padding                      0x00000000   Number         0  stubs.o ABSOLUTE
    _printf_return_value                     0x00000000   Number         0  stubs.o ABSOLUTE
    _printf_s                                0x00000000   Number         0  stubs.o ABSOLUTE
    _printf_sizespec                         0x00000000   Number         0  stubs.o ABSOLUTE
    _printf_str                              0x00000000   Number         0  stubs.o ABSOLUTE
    _printf_truncate_signed                  0x00000000   Number         0  stubs.o ABSOLUTE
    _printf_truncate_unsigned                0x00000000   Number         0  stubs.o ABSOLUTE
    _printf_u                                0x00000000   Number         0  stubs.o ABSOLUTE
    _printf_wc                               0x00000000   Number         0  stubs.o ABSOLUTE
    _printf_wctomb                           0x00000000   Number         0  stubs.o ABSOLUTE
    _printf_widthprec                        0x00000000   Number         0  stubs.o ABSOLUTE
    _printf_x                                0x00000000   Number         0  stubs.o ABSOLUTE
    __arm_fini_                               - Undefined Weak Reference
    __cpp_initialize__aeabi_                  - Undefined Weak Reference
    __cxa_finalize                            - Undefined Weak Reference
    __decompress                              - Undefined Weak Reference
    _clock_init                               - Undefined Weak Reference
    _microlib_exit                            - Undefined Weak Reference
    __Vectors_Size                           0x000000b0   Number         0  startup_stm32f030x6.o ABSOLUTE
    __Vectors                                0x08000000   Data           4  startup_stm32f030x6.o(RESET)
    __Vectors_End                            0x080000b0   Data           0  startup_stm32f030x6.o(RESET)
    __main                                   0x080000b1   Thumb Code     0  entry.o(.ARM.Collect$$$$00000000)
    _main_stk                                0x080000b1   Thumb Code     0  entry2.o(.ARM.Collect$$$$00000001)
    _main_scatterload                        0x080000b5   Thumb Code     0  entry5.o(.ARM.Collect$$$$00000004)
    __main_after_scatterload                 0x080000b9   Thumb Code     0  entry5.o(.ARM.Collect$$$$00000004)
    _main_clock                              0x080000b9   Thumb Code     0  entry7b.o(.ARM.Collect$$$$00000008)
    _main_cpp_init                           0x080000b9   Thumb Code     0  entry8b.o(.ARM.Collect$$$$0000000A)
    _main_init                               0x080000b9   Thumb Code     0  entry9a.o(.ARM.Collect$$$$0000000B)
    __rt_lib_shutdown_fini                   0x080000c1   Thumb Code     0  entry12b.o(.ARM.Collect$$$$0000000E)
    __rt_final_cpp                           0x080000c5   Thumb Code     0  entry10a.o(.ARM.Collect$$$$0000000F)
    __rt_final_exit                          0x080000c5   Thumb Code     0  entry11a.o(.ARM.Collect$$$$00000011)
    Reset_Handler                            0x080000c9   Thumb Code     8  startup_stm32f030x6.o(.text)
    ADC1_IRQHandler                          0x080000db   Thumb Code     0  startup_stm32f030x6.o(.text)
    DMA1_Channel1_IRQHandler                 0x080000db   Thumb Code     0  startup_stm32f030x6.o(.text)
    DMA1_Channel2_3_IRQHandler               0x080000db   Thumb Code     0  startup_stm32f030x6.o(.text)
    DMA1_Channel4_5_IRQHandler               0x080000db   Thumb Code     0  startup_stm32f030x6.o(.text)
    EXTI0_1_IRQHandler                       0x080000db   Thumb Code     0  startup_stm32f030x6.o(.text)
    EXTI2_3_IRQHandler                       0x080000db   Thumb Code     0  startup_stm32f030x6.o(.text)
    EXTI4_15_IRQHandler                      0x080000db   Thumb Code     0  startup_stm32f030x6.o(.text)
    FLASH_IRQHandler                         0x080000db   Thumb Code     0  startup_stm32f030x6.o(.text)
    I2C1_IRQHandler                          0x080000db   Thumb Code     0  startup_stm32f030x6.o(.text)
    RCC_IRQHandler                           0x080000db   Thumb Code     0  startup_stm32f030x6.o(.text)
    RTC_IRQHandler                           0x080000db   Thumb Code     0  startup_stm32f030x6.o(.text)
    SPI1_IRQHandler                          0x080000db   Thumb Code     0  startup_stm32f030x6.o(.text)
    TIM14_IRQHandler                         0x080000db   Thumb Code     0  startup_stm32f030x6.o(.text)
    TIM16_IRQHandler                         0x080000db   Thumb Code     0  startup_stm32f030x6.o(.text)
    TIM17_IRQHandler                         0x080000db   Thumb Code     0  startup_stm32f030x6.o(.text)
    TIM1_CC_IRQHandler                       0x080000db   Thumb Code     0  startup_stm32f030x6.o(.text)
    TIM3_IRQHandler                          0x080000db   Thumb Code     0  startup_stm32f030x6.o(.text)
    USART1_IRQHandler                        0x080000db   Thumb Code     0  startup_stm32f030x6.o(.text)
    WWDG_IRQHandler                          0x080000db   Thumb Code     0  startup_stm32f030x6.o(.text)
    __aeabi_uidiv                            0x080000e5   Thumb Code     0  uidiv.o(.text)
    __aeabi_uidivmod                         0x080000e5   Thumb Code    44  uidiv.o(.text)
    __aeabi_llsr                             0x08000111   Thumb Code    34  llushr.o(.text)
    _ll_ushift_r                             0x08000111   Thumb Code     0  llushr.o(.text)
    __aeabi_memset                           0x08000133   Thumb Code    14  memseta.o(.text)
    __aeabi_memset4                          0x08000133   Thumb Code     0  memseta.o(.text)
    __aeabi_memset8                          0x08000133   Thumb Code     0  memseta.o(.text)
    __aeabi_memclr                           0x08000141   Thumb Code     4  memseta.o(.text)
    __aeabi_memclr4                          0x08000141   Thumb Code     0  memseta.o(.text)
    __aeabi_memclr8                          0x08000141   Thumb Code     0  memseta.o(.text)
    _memset$wrapper                          0x08000145   Thumb Code    18  memseta.o(.text)
    __aeabi_fadd                             0x08000157   Thumb Code   162  fadd.o(.text)
    __aeabi_fsub                             0x080001f9   Thumb Code     8  fadd.o(.text)
    __aeabi_frsub                            0x08000201   Thumb Code     8  fadd.o(.text)
    __ARM_scalbnf                            0x08000209   Thumb Code    24  fscalb.o(.text)
    scalbnf                                  0x08000209   Thumb Code     0  fscalb.o(.text)
    __aeabi_dadd                             0x08000221   Thumb Code   330  dadd.o(.text)
    __aeabi_dsub                             0x0800036b   Thumb Code    12  dadd.o(.text)
    __aeabi_drsub                            0x08000377   Thumb Code    12  dadd.o(.text)
    __aeabi_dmul                             0x08000389   Thumb Code   202  dmul.o(.text)
    __aeabi_i2f                              0x08000459   Thumb Code    22  fflti.o(.text)
    __aeabi_ui2f                             0x0800046f   Thumb Code    14  ffltui.o(.text)
    __aeabi_ui2d                             0x0800047d   Thumb Code    24  dfltui.o(.text)
    __aeabi_d2uiz                            0x08000499   Thumb Code    50  dfixui.o(.text)
    __aeabi_f2d                              0x080004d5   Thumb Code    40  f2d.o(.text)
    __aeabi_cdcmpeq                          0x080004fd   Thumb Code     0  cdcmple.o(.text)
    __aeabi_cdcmple                          0x080004fd   Thumb Code    38  cdcmple.o(.text)
    __aeabi_cdrcmple                         0x08000525   Thumb Code    38  cdrcmple.o(.text)
    __aeabi_d2f                              0x0800054d   Thumb Code    56  d2f.o(.text)
    __aeabi_cfcmpeq                          0x08000585   Thumb Code     0  cfcmple.o(.text)
    __aeabi_cfcmple                          0x08000585   Thumb Code    20  cfcmple.o(.text)
    __aeabi_cfrcmple                         0x08000599   Thumb Code    20  cfrcmple.o(.text)
    __aeabi_uldivmod                         0x080005ad   Thumb Code    96  uldiv.o(.text)
    __aeabi_llsl                             0x0800060d   Thumb Code    32  llshl.o(.text)
    _ll_shift_l                              0x0800060d   Thumb Code     0  llshl.o(.text)
    __aeabi_lasr                             0x0800062d   Thumb Code    38  llsshr.o(.text)
    _ll_sshift_r                             0x0800062d   Thumb Code     0  llsshr.o(.text)
    __I$use$fp                               0x08000653   Thumb Code     0  iusefp.o(.text)
    _float_round                             0x08000653   Thumb Code    16  fepilogue.o(.text)
    _float_epilogue                          0x08000663   Thumb Code   114  fepilogue.o(.text)
    _double_round                            0x080006d5   Thumb Code    26  depilogue.o(.text)
    _double_epilogue                         0x080006ef   Thumb Code   164  depilogue.o(.text)
    __aeabi_ddiv                             0x08000795   Thumb Code   234  ddiv.o(.text)
    __aeabi_d2ulz                            0x08000885   Thumb Code    54  dfixul.o(.text)
    __scatterload                            0x080008c5   Thumb Code    28  init.o(.text)
    __scatterload_rt2                        0x080008c5   Thumb Code     0  init.o(.text)
    Buzzer_Beep                              0x080008e9   Thumb Code    50  buzzer.o(i.Buzzer_Beep)
    DS18B20_AllDone                          0x0800091b   Thumb Code     8  ds18b20.o(i.DS18B20_AllDone)
    DS18B20_DisableAlarmTemperature          0x08000923   Thumb Code   146  ds18b20.o(i.DS18B20_DisableAlarmTemperature)
    DS18B20_Is                               0x080009b5   Thumb Code    14  ds18b20.o(i.DS18B20_Is)
    DS18B20_Read                             0x080009c5   Thumb Code   248  ds18b20.o(i.DS18B20_Read)
    DS18B20_SetResolution                    0x08000ac1   Thumb Code   192  ds18b20.o(i.DS18B20_SetResolution)
    DS18B20_StartAll                         0x08000b81   Thumb Code    26  ds18b20.o(i.DS18B20_StartAll)
    Ds18b20_Init                             0x08000b9d   Thumb Code   180  ds18b20.o(i.Ds18b20_Init)
    Ds18b20_ManualConvert                    0x08000c59   Thumb Code   128  ds18b20.o(i.Ds18b20_ManualConvert)
    HAL_Delay                                0x08000ce1   Thumb Code    28  stm32f0xx_hal.o(i.HAL_Delay)
    HAL_GPIO_Init                            0x08000cfd   Thumb Code   302  stm32f0xx_hal_gpio.o(i.HAL_GPIO_Init)
    HAL_GPIO_ReadPin                         0x08000e45   Thumb Code    10  stm32f0xx_hal_gpio.o(i.HAL_GPIO_ReadPin)
    HAL_GPIO_WritePin                        0x08000e4f   Thumb Code    12  stm32f0xx_hal_gpio.o(i.HAL_GPIO_WritePin)
    HAL_GetTick                              0x08000e5d   Thumb Code     6  stm32f0xx_hal.o(i.HAL_GetTick)
    HAL_I2CEx_ConfigAnalogFilter             0x08000e69   Thumb Code    74  stm32f0xx_hal_i2c_ex.o(i.HAL_I2CEx_ConfigAnalogFilter)
    HAL_I2CEx_ConfigDigitalFilter            0x08000eb3   Thumb Code    72  stm32f0xx_hal_i2c_ex.o(i.HAL_I2CEx_ConfigDigitalFilter)
    HAL_I2C_Init                             0x08000efd   Thumb Code   176  stm32f0xx_hal_i2c.o(i.HAL_I2C_Init)
    HAL_I2C_Master_Transmit                  0x08000fb1   Thumb Code   274  stm32f0xx_hal_i2c.o(i.HAL_I2C_Master_Transmit)
    HAL_I2C_Mem_Read                         0x080010c9   Thumb Code   340  stm32f0xx_hal_i2c.o(i.HAL_I2C_Mem_Read)
    HAL_I2C_Mem_Write                        0x08001221   Thumb Code   334  stm32f0xx_hal_i2c.o(i.HAL_I2C_Mem_Write)
    HAL_I2C_MspInit                          0x08001375   Thumb Code    92  stm32f0xx_hal_msp.o(i.HAL_I2C_MspInit)
    HAL_IWDG_Init                            0x080013d9   Thumb Code    86  stm32f0xx_hal_iwdg.o(i.HAL_IWDG_Init)
    HAL_IWDG_Refresh                         0x0800143d   Thumb Code    10  stm32f0xx_hal_iwdg.o(i.HAL_IWDG_Refresh)
    HAL_IncTick                              0x0800144d   Thumb Code    10  stm32f0xx_hal.o(i.HAL_IncTick)
    HAL_Init                                 0x0800145d   Thumb Code    26  stm32f0xx_hal.o(i.HAL_Init)
    HAL_InitTick                             0x0800147d   Thumb Code    34  stm32f0xx_hal.o(i.HAL_InitTick)
    HAL_MspInit                              0x080014a1   Thumb Code    34  stm32f0xx_hal_msp.o(i.HAL_MspInit)
    HAL_NVIC_EnableIRQ                       0x080014c9   Thumb Code    14  stm32f0xx_hal_cortex.o(i.HAL_NVIC_EnableIRQ)
    HAL_NVIC_SetPriority                     0x080014dd   Thumb Code     8  stm32f0xx_hal_cortex.o(i.HAL_NVIC_SetPriority)
    HAL_RCCEx_PeriphCLKConfig                0x080014e5   Thumb Code   218  stm32f0xx_hal_rcc_ex.o(i.HAL_RCCEx_PeriphCLKConfig)
    HAL_RCC_CSSCallback                      0x080015cd   Thumb Code     2  stm32f0xx_hal_rcc.o(i.HAL_RCC_CSSCallback)
    HAL_RCC_ClockConfig                      0x080015d1   Thumb Code   280  stm32f0xx_hal_rcc.o(i.HAL_RCC_ClockConfig)
    HAL_RCC_EnableCSS                        0x080016fd   Thumb Code    14  stm32f0xx_hal_rcc.o(i.HAL_RCC_EnableCSS)
    HAL_RCC_GetHCLKFreq                      0x08001711   Thumb Code     6  stm32f0xx_hal_rcc.o(i.HAL_RCC_GetHCLKFreq)
    HAL_RCC_GetSysClockFreq                  0x0800171d   Thumb Code    76  stm32f0xx_hal_rcc.o(i.HAL_RCC_GetSysClockFreq)
    HAL_RCC_NMI_IRQHandler                   0x08001795   Thumb Code    20  stm32f0xx_hal_rcc.o(i.HAL_RCC_NMI_IRQHandler)
    HAL_RCC_OscConfig                        0x080017ad   Thumb Code   840  stm32f0xx_hal_rcc.o(i.HAL_RCC_OscConfig)
    HAL_SYSTICK_Config                       0x08001b01   Thumb Code    38  stm32f0xx_hal_cortex.o(i.HAL_SYSTICK_Config)
    HAL_TIMEx_BreakCallback                  0x08001b31   Thumb Code     2  stm32f0xx_hal_tim_ex.o(i.HAL_TIMEx_BreakCallback)
    HAL_TIMEx_CommutationCallback            0x08001b33   Thumb Code     2  stm32f0xx_hal_tim_ex.o(i.HAL_TIMEx_CommutationCallback)
    HAL_TIMEx_MasterConfigSynchronization    0x08001b35   Thumb Code    72  stm32f0xx_hal_tim_ex.o(i.HAL_TIMEx_MasterConfigSynchronization)
    HAL_TIM_Base_Init                        0x08001b7d   Thumb Code    52  stm32f0xx_hal_tim.o(i.HAL_TIM_Base_Init)
    HAL_TIM_Base_MspInit                     0x08001bb1   Thumb Code    78  stm32f0xx_hal_msp.o(i.HAL_TIM_Base_MspInit)
    HAL_TIM_Base_Start                       0x08001c11   Thumb Code    24  stm32f0xx_hal_tim.o(i.HAL_TIM_Base_Start)
    HAL_TIM_Base_Start_IT                    0x08001c29   Thumb Code    22  stm32f0xx_hal_tim.o(i.HAL_TIM_Base_Start_IT)
    HAL_TIM_ConfigClockSource                0x08001c3f   Thumb Code   238  stm32f0xx_hal_tim.o(i.HAL_TIM_ConfigClockSource)
    HAL_TIM_IC_CaptureCallback               0x08001d2d   Thumb Code     2  stm32f0xx_hal_tim.o(i.HAL_TIM_IC_CaptureCallback)
    HAL_TIM_IRQHandler                       0x08001d2f   Thumb Code   354  stm32f0xx_hal_tim.o(i.HAL_TIM_IRQHandler)
    HAL_TIM_MspPostInit                      0x08001e91   Thumb Code    94  stm32f0xx_hal_msp.o(i.HAL_TIM_MspPostInit)
    HAL_TIM_OC_DelayElapsedCallback          0x08001ef9   Thumb Code     2  stm32f0xx_hal_tim.o(i.HAL_TIM_OC_DelayElapsedCallback)
    HAL_TIM_PWM_ConfigChannel                0x08001efb   Thumb Code   208  stm32f0xx_hal_tim.o(i.HAL_TIM_PWM_ConfigChannel)
    HAL_TIM_PWM_Init                         0x08001fcb   Thumb Code    52  stm32f0xx_hal_tim.o(i.HAL_TIM_PWM_Init)
    HAL_TIM_PWM_MspInit                      0x08001fff   Thumb Code     2  stm32f0xx_hal_tim.o(i.HAL_TIM_PWM_MspInit)
    HAL_TIM_PWM_PulseFinishedCallback        0x08002001   Thumb Code     2  stm32f0xx_hal_tim.o(i.HAL_TIM_PWM_PulseFinishedCallback)
    HAL_TIM_PWM_Start                        0x08002005   Thumb Code    56  stm32f0xx_hal_tim.o(i.HAL_TIM_PWM_Start)
    HAL_TIM_PWM_Stop                         0x08002049   Thumb Code    90  stm32f0xx_hal_tim.o(i.HAL_TIM_PWM_Stop)
    HAL_TIM_PeriodElapsedCallback            0x080020b5   Thumb Code   480  main.o(i.HAL_TIM_PeriodElapsedCallback)
    HAL_TIM_TriggerCallback                  0x080022dd   Thumb Code     2  stm32f0xx_hal_tim.o(i.HAL_TIM_TriggerCallback)
    HardFault_Handler                        0x080022df   Thumb Code     2  stm32f0xx_it.o(i.HardFault_Handler)
    NEC_AC_OFF                               0x080026c5   Thumb Code    10  generaltec ac remote transmitter.o(i.NEC_AC_OFF)
    NEC_AC_ON                                0x080026d5   Thumb Code    10  generaltec ac remote transmitter.o(i.NEC_AC_ON)
    NEC_transmit                             0x080026e5   Thumb Code   182  generaltec ac remote transmitter.o(i.NEC_transmit)
    NMI_Handler                              0x080027b1   Thumb Code     8  stm32f0xx_it.o(i.NMI_Handler)
    ONEWIRE_INPUT                            0x080027fd   Thumb Code    32  onewire.o(i.ONEWIRE_INPUT)
    ONEWIRE_OUTPUT                           0x0800281d   Thumb Code    32  onewire.o(i.ONEWIRE_OUTPUT)
    OneWire_CRC8                             0x0800283d   Thumb Code    54  onewire.o(i.OneWire_CRC8)
    OneWire_First                            0x08002873   Thumb Code    18  onewire.o(i.OneWire_First)
    OneWire_GetFullROM                       0x08002885   Thumb Code    18  onewire.o(i.OneWire_GetFullROM)
    OneWire_Init                             0x08002897   Thumb Code    52  onewire.o(i.OneWire_Init)
    OneWire_Next                             0x080028cb   Thumb Code    10  onewire.o(i.OneWire_Next)
    OneWire_ReadBit                          0x080028d5   Thumb Code    62  onewire.o(i.OneWire_ReadBit)
    OneWire_ReadByte                         0x08002913   Thumb Code    36  onewire.o(i.OneWire_ReadByte)
    OneWire_Reset                            0x08002937   Thumb Code    66  onewire.o(i.OneWire_Reset)
    OneWire_ResetSearch                      0x08002979   Thumb Code    10  onewire.o(i.OneWire_ResetSearch)
    OneWire_Search                           0x08002983   Thumb Code   184  onewire.o(i.OneWire_Search)
    OneWire_SelectWithPointer                0x08002a3b   Thumb Code    32  onewire.o(i.OneWire_SelectWithPointer)
    OneWire_WriteBit                         0x08002a5b   Thumb Code    68  onewire.o(i.OneWire_WriteBit)
    OneWire_WriteByte                        0x08002a9f   Thumb Code    34  onewire.o(i.OneWire_WriteByte)
    PendSV_Handler                           0x08002ac1   Thumb Code     2  stm32f0xx_it.o(i.PendSV_Handler)
    SVC_Handler                              0x08002ac3   Thumb Code     2  stm32f0xx_it.o(i.SVC_Handler)
    SysTick_Handler                          0x08002ac5   Thumb Code     8  stm32f0xx_it.o(i.SysTick_Handler)
    SystemClock_Config                       0x08002acd   Thumb Code    96  main.o(i.SystemClock_Config)
    SystemInit                               0x08002b2d   Thumb Code    78  system_stm32f0xx.o(i.SystemInit)
    TIM1_BRK_UP_TRG_COM_IRQHandler           0x08002b89   Thumb Code    10  stm32f0xx_it.o(i.TIM1_BRK_UP_TRG_COM_IRQHandler)
    TIM_Base_SetConfig                       0x08002b99   Thumb Code   100  stm32f0xx_hal_tim.o(i.TIM_Base_SetConfig)
    TIM_CCxChannelCmd                        0x08002c11   Thumb Code    22  stm32f0xx_hal_tim.o(i.TIM_CCxChannelCmd)
    TIM_ETR_SetConfig                        0x08002c27   Thumb Code    22  stm32f0xx_hal_tim.o(i.TIM_ETR_SetConfig)
    TIM_OC2_SetConfig                        0x08002cc5   Thumb Code   104  stm32f0xx_hal_tim.o(i.TIM_OC2_SetConfig)
    __0snprintf                              0x08002e59   Thumb Code    50  printfa.o(i.__0snprintf)
    __1snprintf                              0x08002e59   Thumb Code     0  printfa.o(i.__0snprintf)
    __2snprintf                              0x08002e59   Thumb Code     0  printfa.o(i.__0snprintf)
    __c89snprintf                            0x08002e59   Thumb Code     0  printfa.o(i.__0snprintf)
    snprintf                                 0x08002e59   Thumb Code     0  printfa.o(i.__0snprintf)
    __ARM_clz                                0x08002e91   Thumb Code    46  depilogue.o(i.__ARM_clz)
    __scatterload_copy                       0x08002ebf   Thumb Code    14  handlers.o(i.__scatterload_copy)
    __scatterload_null                       0x08002ecd   Thumb Code     2  handlers.o(i.__scatterload_null)
    __scatterload_zeroinit                   0x08002ecf   Thumb Code    14  handlers.o(i.__scatterload_zeroinit)
    at24_HAL_ReadBytes                       0x080037a5   Thumb Code    32  at24_hal_i2c.o(i.at24_HAL_ReadBytes)
    at24_HAL_Read_Float                      0x080037c9   Thumb Code    14  at24_hal_i2c.o(i.at24_HAL_Read_Float)
    at24_HAL_WriteBytes                      0x080037d9   Thumb Code   162  at24_hal_i2c.o(i.at24_HAL_WriteBytes)
    at24_HAL_Write_Float                     0x08003881   Thumb Code    14  at24_hal_i2c.o(i.at24_HAL_Write_Float)
    button_release_wait                      0x0800388f   Thumb Code    20  main.o(i.button_release_wait)
    delay_us                                 0x080038a5   Thumb Code    30  delay_us.o(i.delay_us)
    delay_us_init                            0x080038c9   Thumb Code    10  delay_us.o(i.delay_us_init)
    free                                     0x080038d9   Thumb Code    80  malloc.o(i.free)
    lcd_backlight                            0x0800392d   Thumb Code    30  1602 lcd i2c.o(i.lcd_backlight)
    lcd_clear                                0x08003955   Thumb Code    16  1602 lcd i2c.o(i.lcd_clear)
    lcd_dispfloat                            0x08003965   Thumb Code    60  1602 lcd i2c.o(i.lcd_dispfloat)
    lcd_dispstr                              0x080039a5   Thumb Code    26  1602 lcd i2c.o(i.lcd_dispstr)
    lcd_gotoxy                               0x080039bf   Thumb Code    20  1602 lcd i2c.o(i.lcd_gotoxy)
    lcd_gotoy                                0x080039d3   Thumb Code    18  1602 lcd i2c.o(i.lcd_gotoy)
    lcd_home                                 0x080039e5   Thumb Code    10  1602 lcd i2c.o(i.lcd_home)
    lcd_init                                 0x080039ef   Thumb Code    80  1602 lcd i2c.o(i.lcd_init)
    lcd_send_cmd                             0x08003a41   Thumb Code    58  1602 lcd i2c.o(i.lcd_send_cmd)
    lcd_send_data                            0x08003a85   Thumb Code    66  1602 lcd i2c.o(i.lcd_send_data)
    light_eeprom_write                       0x08003ad1   Thumb Code    24  main.o(i.light_eeprom_write)
    main                                     0x08003ae9   Thumb Code   822  main.o(i.main)
    malloc                                   0x08003e89   Thumb Code    92  malloc.o(i.malloc)
    push_button_read                         0x08003ef5   Thumb Code    44  main.o(i.push_button_read)
    temperature_init                         0x08003f25   Thumb Code    50  main.o(i.temperature_init)
    AHBPrescTable                            0x08003f60   Data          16  system_stm32f0xx.o(.constdata)
    Region$$Table$$Base                      0x08003f70   Number         0  anon$$obj.o(Region$$Table)
    Region$$Table$$Limit                     0x08003f90   Number         0  anon$$obj.o(Region$$Table)
    backlight_timer                          0x20000000   Data           1  main.o(.data)
    Pump_stat                                0x20000001   Data           1  main.o(.data)
    Pump_manual_stat                         0x20000002   Data           1  main.o(.data)
    light_stat                               0x20000003   Data           1  main.o(.data)
    enter_direction                          0x20000004   Data           1  main.o(.data)
    AC_stat                                  0x20000005   Data           1  main.o(.data)
    light_time                               0x20000006   Data           2  main.o(.data)
    Pump_time                                0x20000008   Data           2  main.o(.data)
    light_val                                0x2000000a   Data           2  main.o(.data)
    last_temprature                          0x2000000c   Data           4  main.o(.data)
    set_temp                                 0x20000010   Data           4  main.o(.data)
    uwTick                                   0x20000014   Data           4  stm32f0xx_hal.o(.data)
    SystemCoreClock                          0x20000018   Data           4  system_stm32f0xx.o(.data)
    TempSensorCount                          0x2000001c   Data           1  ds18b20.o(.data)
    OneWireDevices                           0x2000001d   Data           1  ds18b20.o(.data)
    Ds18b20Timeout                           0x20000020   Data           4  ds18b20.o(.data)
    code_on                                  0x20000024   Data          13  generaltec ac remote transmitter.o(.data)
    code_off                                 0x20000031   Data          13  generaltec ac remote transmitter.o(.data)
    backlight_stat                           0x2000003e   Data           1  1602 lcd i2c.o(.data)
    __microlib_freelist                      0x20000040   Data           4  mvars.o(.data)
    __microlib_freelist_initialised          0x20000044   Data           4  mvars.o(.data)
    hi2c1                                    0x20000048   Data          76  main.o(.bss)
    hiwdg                                    0x20000094   Data          16  main.o(.bss)
    htim1                                    0x200000a4   Data          64  main.o(.bss)
    htim3                                    0x200000e4   Data          64  main.o(.bss)
    htim14                                   0x20000124   Data          64  main.o(.bss)
    ds18b20                                  0x20000164   Data          16  ds18b20.o(.bss)
    OneWire                                  0x20000174   Data          20  ds18b20.o(.bss)
    __heap_base                              0x20000188   Data           0  startup_stm32f030x6.o(HEAP)
    __heap_limit                             0x20000388   Data           0  startup_stm32f030x6.o(HEAP)
    __initial_sp                             0x20000788   Data           0  startup_stm32f030x6.o(STACK)



==============================================================================

Memory Map of the image

  Image Entry point : 0x080000b1

  Load Region LR_IROM1 (Base: 0x08000000, Size: 0x00003fd8, Max: 0x00004000, ABSOLUTE)

    Execution Region ER_IROM1 (Exec base: 0x08000000, Load base: 0x08000000, Size: 0x00003f90, Max: 0x00004000, ABSOLUTE)

    Exec Addr    Load Addr    Size         Type   Attr      Idx    E Section Name        Object

    0x08000000   0x08000000   0x000000b0   Data   RO            3    RESET               startup_stm32f030x6.o
    0x080000b0   0x080000b0   0x00000000   Code   RO         2988  * .ARM.Collect$$$$00000000  mc_p.l(entry.o)
    0x080000b0   0x080000b0   0x00000004   Code   RO         3318    .ARM.Collect$$$$00000001  mc_p.l(entry2.o)
    0x080000b4   0x080000b4   0x00000004   Code   RO         3321    .ARM.Collect$$$$00000004  mc_p.l(entry5.o)
    0x080000b8   0x080000b8   0x00000000   Code   RO         3323    .ARM.Collect$$$$00000008  mc_p.l(entry7b.o)
    0x080000b8   0x080000b8   0x00000000   Code   RO         3325    .ARM.Collect$$$$0000000A  mc_p.l(entry8b.o)
    0x080000b8   0x080000b8   0x00000008   Code   RO         3326    .ARM.Collect$$$$0000000B  mc_p.l(entry9a.o)
    0x080000c0   0x080000c0   0x00000004   Code   RO         3333    .ARM.Collect$$$$0000000E  mc_p.l(entry12b.o)
    0x080000c4   0x080000c4   0x00000000   Code   RO         3328    .ARM.Collect$$$$0000000F  mc_p.l(entry10a.o)
    0x080000c4   0x080000c4   0x00000000   Code   RO         3330    .ARM.Collect$$$$00000011  mc_p.l(entry11a.o)
    0x080000c4   0x080000c4   0x00000004   Code   RO         3319    .ARM.Collect$$$$00002712  mc_p.l(entry2.o)
    0x080000c8   0x080000c8   0x0000001c   Code   RO            4    .text               startup_stm32f030x6.o
    0x080000e4   0x080000e4   0x0000002c   Code   RO         2991    .text               mc_p.l(uidiv.o)
    0x08000110   0x08000110   0x00000022   Code   RO         2993    .text               mc_p.l(llushr.o)
    0x08000132   0x08000132   0x00000024   Code   RO         2997    .text               mc_p.l(memseta.o)
    0x08000156   0x08000156   0x000000b2   Code   RO         3290    .text               mf_p.l(fadd.o)
    0x08000208   0x08000208   0x00000018   Code   RO         3292    .text               mf_p.l(fscalb.o)
    0x08000220   0x08000220   0x00000168   Code   RO         3294    .text               mf_p.l(dadd.o)
    0x08000388   0x08000388   0x000000d0   Code   RO         3296    .text               mf_p.l(dmul.o)
    0x08000458   0x08000458   0x00000016   Code   RO         3298    .text               mf_p.l(fflti.o)
    0x0800046e   0x0800046e   0x0000000e   Code   RO         3300    .text               mf_p.l(ffltui.o)
    0x0800047c   0x0800047c   0x0000001c   Code   RO         3302    .text               mf_p.l(dfltui.o)
    0x08000498   0x08000498   0x0000003c   Code   RO         3304    .text               mf_p.l(dfixui.o)
    0x080004d4   0x080004d4   0x00000028   Code   RO         3306    .text               mf_p.l(f2d.o)
    0x080004fc   0x080004fc   0x00000028   Code   RO         3308    .text               mf_p.l(cdcmple.o)
    0x08000524   0x08000524   0x00000028   Code   RO         3310    .text               mf_p.l(cdrcmple.o)
    0x0800054c   0x0800054c   0x00000038   Code   RO         3312    .text               mf_p.l(d2f.o)
    0x08000584   0x08000584   0x00000014   Code   RO         3314    .text               mf_p.l(cfcmple.o)
    0x08000598   0x08000598   0x00000014   Code   RO         3316    .text               mf_p.l(cfrcmple.o)
    0x080005ac   0x080005ac   0x00000060   Code   RO         3337    .text               mc_p.l(uldiv.o)
    0x0800060c   0x0800060c   0x00000020   Code   RO         3339    .text               mc_p.l(llshl.o)
    0x0800062c   0x0800062c   0x00000026   Code   RO         3341    .text               mc_p.l(llsshr.o)
    0x08000652   0x08000652   0x00000000   Code   RO         3345    .text               mc_p.l(iusefp.o)
    0x08000652   0x08000652   0x00000082   Code   RO         3346    .text               mf_p.l(fepilogue.o)
    0x080006d4   0x080006d4   0x000000be   Code   RO         3348    .text               mf_p.l(depilogue.o)
    0x08000792   0x08000792   0x00000002   PAD
    0x08000794   0x08000794   0x000000f0   Code   RO         3352    .text               mf_p.l(ddiv.o)
    0x08000884   0x08000884   0x00000040   Code   RO         3354    .text               mf_p.l(dfixul.o)
    0x080008c4   0x080008c4   0x00000024   Code   RO         3356    .text               mc_p.l(init.o)
    0x080008e8   0x080008e8   0x00000032   Code   RO         2919    i.Buzzer_Beep       buzzer.o
    0x0800091a   0x0800091a   0x00000008   Code   RO         2495    i.DS18B20_AllDone   ds18b20.o
    0x08000922   0x08000922   0x00000092   Code   RO         2496    i.DS18B20_DisableAlarmTemperature  ds18b20.o
    0x080009b4   0x080009b4   0x0000000e   Code   RO         2498    i.DS18B20_Is        ds18b20.o
    0x080009c2   0x080009c2   0x00000002   PAD
    0x080009c4   0x080009c4   0x000000fc   Code   RO         2499    i.DS18B20_Read      ds18b20.o
    0x08000ac0   0x08000ac0   0x000000c0   Code   RO         2502    i.DS18B20_SetResolution  ds18b20.o
    0x08000b80   0x08000b80   0x0000001a   Code   RO         2504    i.DS18B20_StartAll  ds18b20.o
    0x08000b9a   0x08000b9a   0x00000002   PAD
    0x08000b9c   0x08000b9c   0x000000bc   Code   RO         2505    i.Ds18b20_Init      ds18b20.o
    0x08000c58   0x08000c58   0x00000088   Code   RO         2506    i.Ds18b20_ManualConvert  ds18b20.o
    0x08000ce0   0x08000ce0   0x0000001c   Code   RO         1806    i.HAL_Delay         stm32f0xx_hal.o
    0x08000cfc   0x08000cfc   0x00000148   Code   RO         1941    i.HAL_GPIO_Init     stm32f0xx_hal_gpio.o
    0x08000e44   0x08000e44   0x0000000a   Code   RO         1943    i.HAL_GPIO_ReadPin  stm32f0xx_hal_gpio.o
    0x08000e4e   0x08000e4e   0x0000000c   Code   RO         1945    i.HAL_GPIO_WritePin  stm32f0xx_hal_gpio.o
    0x08000e5a   0x08000e5a   0x00000002   PAD
    0x08000e5c   0x08000e5c   0x0000000c   Code   RO         1810    i.HAL_GetTick       stm32f0xx_hal.o
    0x08000e68   0x08000e68   0x0000004a   Code   RO          737    i.HAL_I2CEx_ConfigAnalogFilter  stm32f0xx_hal_i2c_ex.o
    0x08000eb2   0x08000eb2   0x00000048   Code   RO          738    i.HAL_I2CEx_ConfigDigitalFilter  stm32f0xx_hal_i2c_ex.o
    0x08000efa   0x08000efa   0x00000002   PAD
    0x08000efc   0x08000efc   0x000000b4   Code   RO          324    i.HAL_I2C_Init      stm32f0xx_hal_i2c.o
    0x08000fb0   0x08000fb0   0x00000118   Code   RO          335    i.HAL_I2C_Master_Transmit  stm32f0xx_hal_i2c.o
    0x080010c8   0x080010c8   0x00000158   Code   RO          340    i.HAL_I2C_Mem_Read  stm32f0xx_hal_i2c.o
    0x08001220   0x08001220   0x00000154   Code   RO          343    i.HAL_I2C_Mem_Write  stm32f0xx_hal_i2c.o
    0x08001374   0x08001374   0x00000064   Code   RO          264    i.HAL_I2C_MspInit   stm32f0xx_hal_msp.o
    0x080013d8   0x080013d8   0x00000064   Code   RO          775    i.HAL_IWDG_Init     stm32f0xx_hal_iwdg.o
    0x0800143c   0x0800143c   0x00000010   Code   RO          776    i.HAL_IWDG_Refresh  stm32f0xx_hal_iwdg.o
    0x0800144c   0x0800144c   0x00000010   Code   RO         1814    i.HAL_IncTick       stm32f0xx_hal.o
    0x0800145c   0x0800145c   0x00000020   Code   RO         1815    i.HAL_Init          stm32f0xx_hal.o
    0x0800147c   0x0800147c   0x00000022   Code   RO         1816    i.HAL_InitTick      stm32f0xx_hal.o
    0x0800149e   0x0800149e   0x00000002   PAD
    0x080014a0   0x080014a0   0x00000028   Code   RO          265    i.HAL_MspInit       stm32f0xx_hal_msp.o
    0x080014c8   0x080014c8   0x00000014   Code   RO         2098    i.HAL_NVIC_EnableIRQ  stm32f0xx_hal_cortex.o
    0x080014dc   0x080014dc   0x00000008   Code   RO         2102    i.HAL_NVIC_SetPriority  stm32f0xx_hal_cortex.o
    0x080014e4   0x080014e4   0x000000e8   Code   RO         1771    i.HAL_RCCEx_PeriphCLKConfig  stm32f0xx_hal_rcc_ex.o
    0x080015cc   0x080015cc   0x00000002   Code   RO         1677    i.HAL_RCC_CSSCallback  stm32f0xx_hal_rcc.o
    0x080015ce   0x080015ce   0x00000002   PAD
    0x080015d0   0x080015d0   0x0000012c   Code   RO         1678    i.HAL_RCC_ClockConfig  stm32f0xx_hal_rcc.o
    0x080016fc   0x080016fc   0x00000014   Code   RO         1681    i.HAL_RCC_EnableCSS  stm32f0xx_hal_rcc.o
    0x08001710   0x08001710   0x0000000c   Code   RO         1683    i.HAL_RCC_GetHCLKFreq  stm32f0xx_hal_rcc.o
    0x0800171c   0x0800171c   0x00000078   Code   RO         1686    i.HAL_RCC_GetSysClockFreq  stm32f0xx_hal_rcc.o
    0x08001794   0x08001794   0x00000018   Code   RO         1688    i.HAL_RCC_NMI_IRQHandler  stm32f0xx_hal_rcc.o
    0x080017ac   0x080017ac   0x00000354   Code   RO         1689    i.HAL_RCC_OscConfig  stm32f0xx_hal_rcc.o
    0x08001b00   0x08001b00   0x00000030   Code   RO         2106    i.HAL_SYSTICK_Config  stm32f0xx_hal_cortex.o
    0x08001b30   0x08001b30   0x00000002   Code   RO         1442    i.HAL_TIMEx_BreakCallback  stm32f0xx_hal_tim_ex.o
    0x08001b32   0x08001b32   0x00000002   Code   RO         1443    i.HAL_TIMEx_CommutationCallback  stm32f0xx_hal_tim_ex.o
    0x08001b34   0x08001b34   0x00000048   Code   RO         1459    i.HAL_TIMEx_MasterConfigSynchronization  stm32f0xx_hal_tim_ex.o
    0x08001b7c   0x08001b7c   0x00000034   Code   RO          803    i.HAL_TIM_Base_Init  stm32f0xx_hal_tim.o
    0x08001bb0   0x08001bb0   0x00000060   Code   RO          267    i.HAL_TIM_Base_MspInit  stm32f0xx_hal_msp.o
    0x08001c10   0x08001c10   0x00000018   Code   RO          806    i.HAL_TIM_Base_Start  stm32f0xx_hal_tim.o
    0x08001c28   0x08001c28   0x00000016   Code   RO          808    i.HAL_TIM_Base_Start_IT  stm32f0xx_hal_tim.o
    0x08001c3e   0x08001c3e   0x000000ee   Code   RO          812    i.HAL_TIM_ConfigClockSource  stm32f0xx_hal_tim.o
    0x08001d2c   0x08001d2c   0x00000002   Code   RO          834    i.HAL_TIM_IC_CaptureCallback  stm32f0xx_hal_tim.o
    0x08001d2e   0x08001d2e   0x00000162   Code   RO          847    i.HAL_TIM_IRQHandler  stm32f0xx_hal_tim.o
    0x08001e90   0x08001e90   0x00000068   Code   RO          268    i.HAL_TIM_MspPostInit  stm32f0xx_hal_msp.o
    0x08001ef8   0x08001ef8   0x00000002   Code   RO          850    i.HAL_TIM_OC_DelayElapsedCallback  stm32f0xx_hal_tim.o
    0x08001efa   0x08001efa   0x000000d0   Code   RO          871    i.HAL_TIM_PWM_ConfigChannel  stm32f0xx_hal_tim.o
    0x08001fca   0x08001fca   0x00000034   Code   RO          874    i.HAL_TIM_PWM_Init  stm32f0xx_hal_tim.o
    0x08001ffe   0x08001ffe   0x00000002   Code   RO          876    i.HAL_TIM_PWM_MspInit  stm32f0xx_hal_tim.o
    0x08002000   0x08002000   0x00000002   Code   RO          877    i.HAL_TIM_PWM_PulseFinishedCallback  stm32f0xx_hal_tim.o
    0x08002002   0x08002002   0x00000002   PAD
    0x08002004   0x08002004   0x00000044   Code   RO          878    i.HAL_TIM_PWM_Start  stm32f0xx_hal_tim.o
    0x08002048   0x08002048   0x0000006c   Code   RO          881    i.HAL_TIM_PWM_Stop  stm32f0xx_hal_tim.o
    0x080020b4   0x080020b4   0x00000228   Code   RO           12    i.HAL_TIM_PeriodElapsedCallback  main.o
    0x080022dc   0x080022dc   0x00000002   Code   RO          888    i.HAL_TIM_TriggerCallback  stm32f0xx_hal_tim.o
    0x080022de   0x080022de   0x00000002   Code   RO          209    i.HardFault_Handler  stm32f0xx_it.o
    0x080022e0   0x080022e0   0x00000022   Code   RO          366    i.I2C_Flush_TXDR    stm32f0xx_hal_i2c.o
    0x08002302   0x08002302   0x00000002   PAD
    0x08002304   0x08002304   0x00000074   Code   RO          374    i.I2C_IsAcknowledgeFailed  stm32f0xx_hal_i2c.o
    0x08002378   0x08002378   0x0000006a   Code   RO          377    i.I2C_RequestMemoryRead  stm32f0xx_hal_i2c.o
    0x080023e2   0x080023e2   0x0000006a   Code   RO          378    i.I2C_RequestMemoryWrite  stm32f0xx_hal_i2c.o
    0x0800244c   0x0800244c   0x00000024   Code   RO          381    i.I2C_TransferConfig  stm32f0xx_hal_i2c.o
    0x08002470   0x08002470   0x00000048   Code   RO          382    i.I2C_WaitOnFlagUntilTimeout  stm32f0xx_hal_i2c.o
    0x080024b8   0x080024b8   0x0000004e   Code   RO          384    i.I2C_WaitOnSTOPFlagUntilTimeout  stm32f0xx_hal_i2c.o
    0x08002506   0x08002506   0x00000052   Code   RO          385    i.I2C_WaitOnTXISFlagUntilTimeout  stm32f0xx_hal_i2c.o
    0x08002558   0x08002558   0x000000a4   Code   RO           13    i.MX_GPIO_Init      main.o
    0x080025fc   0x080025fc   0x00000040   Code   RO           14    i.MX_I2C1_Init      main.o
    0x0800263c   0x0800263c   0x00000088   Code   RO           15    i.MX_TIM3_Init      main.o
    0x080026c4   0x080026c4   0x00000010   Code   RO         2777    i.NEC_AC_OFF        generaltec ac remote transmitter.o
    0x080026d4   0x080026d4   0x00000010   Code   RO         2778    i.NEC_AC_ON         generaltec ac remote transmitter.o
    0x080026e4   0x080026e4   0x000000cc   Code   RO         2779    i.NEC_transmit      generaltec ac remote transmitter.o
    0x080027b0   0x080027b0   0x00000008   Code   RO          210    i.NMI_Handler       stm32f0xx_it.o
    0x080027b8   0x080027b8   0x00000044   Code   RO         2108    i.NVIC_SetPriority  stm32f0xx_hal_cortex.o
    0x080027fc   0x080027fc   0x00000020   Code   RO         2603    i.ONEWIRE_INPUT     onewire.o
    0x0800281c   0x0800281c   0x00000020   Code   RO         2605    i.ONEWIRE_OUTPUT    onewire.o
    0x0800283c   0x0800283c   0x00000036   Code   RO         2606    i.OneWire_CRC8      onewire.o
    0x08002872   0x08002872   0x00000012   Code   RO         2608    i.OneWire_First     onewire.o
    0x08002884   0x08002884   0x00000012   Code   RO         2609    i.OneWire_GetFullROM  onewire.o
    0x08002896   0x08002896   0x00000034   Code   RO         2611    i.OneWire_Init      onewire.o
    0x080028ca   0x080028ca   0x0000000a   Code   RO         2612    i.OneWire_Next      onewire.o
    0x080028d4   0x080028d4   0x0000003e   Code   RO         2735    i.OneWire_ReadBit   onewire.o
    0x08002912   0x08002912   0x00000024   Code   RO         2613    i.OneWire_ReadByte  onewire.o
    0x08002936   0x08002936   0x00000042   Code   RO         2723    i.OneWire_Reset     onewire.o
    0x08002978   0x08002978   0x0000000a   Code   RO         2614    i.OneWire_ResetSearch  onewire.o
    0x08002982   0x08002982   0x000000b8   Code   RO         2615    i.OneWire_Search    onewire.o
    0x08002a3a   0x08002a3a   0x00000020   Code   RO         2617    i.OneWire_SelectWithPointer  onewire.o
    0x08002a5a   0x08002a5a   0x00000044   Code   RO         2729    i.OneWire_WriteBit  onewire.o
    0x08002a9e   0x08002a9e   0x00000022   Code   RO         2620    i.OneWire_WriteByte  onewire.o
    0x08002ac0   0x08002ac0   0x00000002   Code   RO          211    i.PendSV_Handler    stm32f0xx_it.o
    0x08002ac2   0x08002ac2   0x00000002   Code   RO          212    i.SVC_Handler       stm32f0xx_it.o
    0x08002ac4   0x08002ac4   0x00000008   Code   RO          213    i.SysTick_Handler   stm32f0xx_it.o
    0x08002acc   0x08002acc   0x00000060   Code   RO           16    i.SystemClock_Config  main.o
    0x08002b2c   0x08002b2c   0x0000005c   Code   RO         2461    i.SystemInit        system_stm32f0xx.o
    0x08002b88   0x08002b88   0x00000010   Code   RO          214    i.TIM1_BRK_UP_TRG_COM_IRQHandler  stm32f0xx_it.o
    0x08002b98   0x08002b98   0x00000078   Code   RO          889    i.TIM_Base_SetConfig  stm32f0xx_hal_tim.o
    0x08002c10   0x08002c10   0x00000016   Code   RO          890    i.TIM_CCxChannelCmd  stm32f0xx_hal_tim.o
    0x08002c26   0x08002c26   0x00000016   Code   RO          896    i.TIM_ETR_SetConfig  stm32f0xx_hal_tim.o
    0x08002c3c   0x08002c3c   0x00000010   Code   RO          897    i.TIM_ITRx_SetConfig  stm32f0xx_hal_tim.o
    0x08002c4c   0x08002c4c   0x00000078   Code   RO          898    i.TIM_OC1_SetConfig  stm32f0xx_hal_tim.o
    0x08002cc4   0x08002cc4   0x00000074   Code   RO          899    i.TIM_OC2_SetConfig  stm32f0xx_hal_tim.o
    0x08002d38   0x08002d38   0x00000078   Code   RO          900    i.TIM_OC3_SetConfig  stm32f0xx_hal_tim.o
    0x08002db0   0x08002db0   0x00000060   Code   RO          901    i.TIM_OC4_SetConfig  stm32f0xx_hal_tim.o
    0x08002e10   0x08002e10   0x00000022   Code   RO          903    i.TIM_TI1_ConfigInputStage  stm32f0xx_hal_tim.o
    0x08002e32   0x08002e32   0x00000026   Code   RO          905    i.TIM_TI2_ConfigInputStage  stm32f0xx_hal_tim.o
    0x08002e58   0x08002e58   0x00000038   Code   RO         3235    i.__0snprintf       mc_p.l(printfa.o)
    0x08002e90   0x08002e90   0x0000002e   Code   RO         3350    i.__ARM_clz         mf_p.l(depilogue.o)
    0x08002ebe   0x08002ebe   0x0000000e   Code   RO         3362    i.__scatterload_copy  mc_p.l(handlers.o)
    0x08002ecc   0x08002ecc   0x00000002   Code   RO         3363    i.__scatterload_null  mc_p.l(handlers.o)
    0x08002ece   0x08002ece   0x0000000e   Code   RO         3364    i.__scatterload_zeroinit  mc_p.l(handlers.o)
    0x08002edc   0x08002edc   0x00000174   Code   RO         3241    i._fp_digits        mc_p.l(printfa.o)
    0x08003050   0x08003050   0x000006f0   Code   RO         3242    i._printf_core      mc_p.l(printfa.o)
    0x08003740   0x08003740   0x00000020   Code   RO         3243    i._printf_post_padding  mc_p.l(printfa.o)
    0x08003760   0x08003760   0x0000002c   Code   RO         3244    i._printf_pre_padding  mc_p.l(printfa.o)
    0x0800378c   0x0800378c   0x00000016   Code   RO         3245    i._snputc           mc_p.l(printfa.o)
    0x080037a2   0x080037a2   0x00000002   PAD
    0x080037a4   0x080037a4   0x00000024   Code   RO         2943    i.at24_HAL_ReadBytes  at24_hal_i2c.o
    0x080037c8   0x080037c8   0x0000000e   Code   RO         2944    i.at24_HAL_Read_Float  at24_hal_i2c.o
    0x080037d6   0x080037d6   0x00000002   PAD
    0x080037d8   0x080037d8   0x000000a8   Code   RO         2945    i.at24_HAL_WriteBytes  at24_hal_i2c.o
    0x08003880   0x08003880   0x0000000e   Code   RO         2946    i.at24_HAL_Write_Float  at24_hal_i2c.o
    0x0800388e   0x0800388e   0x00000014   Code   RO           17    i.button_release_wait  main.o
    0x080038a2   0x080038a2   0x00000002   PAD
    0x080038a4   0x080038a4   0x00000024   Code   RO         2747    i.delay_us          delay_us.o
    0x080038c8   0x080038c8   0x00000010   Code   RO         2748    i.delay_us_init     delay_us.o
    0x080038d8   0x080038d8   0x00000054   Code   RO         3262    i.free              mc_p.l(malloc.o)
    0x0800392c   0x0800392c   0x00000028   Code   RO         2816    i.lcd_backlight     1602 lcd i2c.o
    0x08003954   0x08003954   0x00000010   Code   RO         2817    i.lcd_clear         1602 lcd i2c.o
    0x08003964   0x08003964   0x00000040   Code   RO         2819    i.lcd_dispfloat     1602 lcd i2c.o
    0x080039a4   0x080039a4   0x0000001a   Code   RO         2820    i.lcd_dispstr       1602 lcd i2c.o
    0x080039be   0x080039be   0x00000014   Code   RO         2823    i.lcd_gotoxy        1602 lcd i2c.o
    0x080039d2   0x080039d2   0x00000012   Code   RO         2824    i.lcd_gotoy         1602 lcd i2c.o
    0x080039e4   0x080039e4   0x0000000a   Code   RO         2825    i.lcd_home          1602 lcd i2c.o
    0x080039ee   0x080039ee   0x00000050   Code   RO         2826    i.lcd_init          1602 lcd i2c.o
    0x08003a3e   0x08003a3e   0x00000002   PAD
    0x08003a40   0x08003a40   0x00000044   Code   RO         2827    i.lcd_send_cmd      1602 lcd i2c.o
    0x08003a84   0x08003a84   0x0000004c   Code   RO         2828    i.lcd_send_data     1602 lcd i2c.o
    0x08003ad0   0x08003ad0   0x00000018   Code   RO           18    i.light_eeprom_write  main.o
    0x08003ae8   0x08003ae8   0x000003a0   Code   RO           19    i.main              main.o
    0x08003e88   0x08003e88   0x0000006c   Code   RO         3263    i.malloc            mc_p.l(malloc.o)
    0x08003ef4   0x08003ef4   0x00000030   Code   RO           20    i.push_button_read  main.o
    0x08003f24   0x08003f24   0x0000003c   Code   RO           21    i.temperature_init  main.o
    0x08003f60   0x08003f60   0x00000010   Data   RO         2462    .constdata          system_stm32f0xx.o
    0x08003f70   0x08003f70   0x00000020   Data   RO         3360    Region$$Table       anon$$obj.o


    Execution Region RW_IRAM1 (Exec base: 0x20000000, Load base: 0x08003f90, Size: 0x00000788, Max: 0x00001000, ABSOLUTE)

    Exec Addr    Load Addr    Size         Type   Attr      Idx    E Section Name        Object

    0x20000000   0x08003f90   0x00000014   Data   RW           23    .data               main.o
    0x20000014   0x08003fa4   0x00000004   Data   RW         1821    .data               stm32f0xx_hal.o
    0x20000018   0x08003fa8   0x00000004   Data   RW         2464    .data               system_stm32f0xx.o
    0x2000001c   0x08003fac   0x00000008   Data   RW         2508    .data               ds18b20.o
    0x20000024   0x08003fb4   0x0000001a   Data   RW         2780    .data               generaltec ac remote transmitter.o
    0x2000003e   0x08003fce   0x00000001   Data   RW         2830    .data               1602 lcd i2c.o
    0x2000003f   0x08003fcf   0x00000001   PAD
    0x20000040   0x08003fd0   0x00000004   Data   RW         3343    .data               mc_p.l(mvars.o)
    0x20000044   0x08003fd4   0x00000004   Data   RW         3344    .data               mc_p.l(mvars.o)
    0x20000048        -       0x0000011c   Zero   RW           22    .bss                main.o
    0x20000164        -       0x00000024   Zero   RW         2507    .bss                ds18b20.o
    0x20000188        -       0x00000200   Zero   RW            2    HEAP                startup_stm32f030x6.o
    0x20000388        -       0x00000400   Zero   RW            1    STACK               startup_stm32f030x6.o


==============================================================================

Image component sizes


      Code (inc. data)   RO Data    RW Data    ZI Data      Debug   Object Name

       418         34          0          1          0       6865   1602 lcd i2c.o
       232         10          0          0          0       3350   at24_hal_i2c.o
        50          0          0          0          0       1090   buzzer.o
        52         12          0          0          0       1420   delay_us.o
       962         20          0          8         36       8718   ds18b20.o
       236         34          0         26          0       2607   generaltec ac remote transmitter.o
      2092        232          0         20        284     262519   main.o
       708          0          0          0          0      10655   onewire.o
        28          8        176          0       1536        660   startup_stm32f030x6.o
       122         18          0          4          0       3827   stm32f0xx_hal.o
       144         24          0          0          0       9045   stm32f0xx_hal_cortex.o
       350         26          0          0          0       2987   stm32f0xx_hal_gpio.o
      1774         32          0          0          0      13392   stm32f0xx_hal_i2c.o
       146          0          0          0          0       1991   stm32f0xx_hal_i2c_ex.o
       116         20          0          0          0       1799   stm32f0xx_hal_iwdg.o
       340         42          0          0          0       2957   stm32f0xx_hal_msp.o
      1330         92          0          0          0       6201   stm32f0xx_hal_rcc.o
       232         14          0          0          0       1420   stm32f0xx_hal_rcc_ex.o
      1840        100          0          0          0      17458   stm32f0xx_hal_tim.o
        76          0          0          0          0       2430   stm32f0xx_hal_tim_ex.o
        38          6          0          0          0       2772   stm32f0xx_it.o
        92         14         16          4          0       1227   system_stm32f0xx.o

    ----------------------------------------------------------------------
     11400        738        224         64       1856     365390   Object Totals
         0          0         32          0          0          0   (incl. Generated)
        22          0          0          1          0          0   (incl. Padding)

    ----------------------------------------------------------------------

      Code (inc. data)   RO Data    RW Data    ZI Data      Debug   Library Member Name

         0          0          0          0          0          0   entry.o
         0          0          0          0          0          0   entry10a.o
         0          0          0          0          0          0   entry11a.o
         4          0          0          0          0          0   entry12b.o
         8          4          0          0          0          0   entry2.o
         4          0          0          0          0          0   entry5.o
         0          0          0          0          0          0   entry7b.o
         0          0          0          0          0          0   entry8b.o
         8          4          0          0          0          0   entry9a.o
        30          0          0          0          0          0   handlers.o
        36          8          0          0          0         68   init.o
         0          0          0          0          0          0   iusefp.o
        32          0          0          0          0         68   llshl.o
        38          0          0          0          0         68   llsshr.o
        34          0          0          0          0         68   llushr.o
       192         20          0          0          0        144   malloc.o
        36          0          0          0          0        100   memseta.o
         0          0          0          8          0          0   mvars.o
      2302         96          0          0          0        480   printfa.o
        44          0          0          0          0         72   uidiv.o
        96          0          0          0          0         84   uldiv.o
        40          2          0          0          0         68   cdcmple.o
        40          2          0          0          0         68   cdrcmple.o
        20          0          0          0          0         68   cfcmple.o
        20          0          0          0          0         68   cfrcmple.o
        56          0          0          0          0         68   d2f.o
       360          6          0          0          0        140   dadd.o
       240          6          0          0          0         84   ddiv.o
       236          0          0          0          0        216   depilogue.o
        60         10          0          0          0         68   dfixui.o
        64         10          0          0          0         68   dfixul.o
        28          4          0          0          0         68   dfltui.o
       208          6          0          0          0         88   dmul.o
        40          0          0          0          0         60   f2d.o
       178          0          0          0          0        108   fadd.o
       130          0          0          0          0        144   fepilogue.o
        22          0          0          0          0         68   fflti.o
        14          0          0          0          0         68   ffltui.o
        24          0          0          0          0         60   fscalb.o

    ----------------------------------------------------------------------
      4648        178          0          8          0       2732   Library Totals
         4          0          0          0          0          0   (incl. Padding)

    ----------------------------------------------------------------------

      Code (inc. data)   RO Data    RW Data    ZI Data      Debug   Library Name

      2864        132          0          8          0       1152   mc_p.l
      1780         46          0          0          0       1580   mf_p.l

    ----------------------------------------------------------------------
      4648        178          0          8          0       2732   Library Totals

    ----------------------------------------------------------------------

==============================================================================


      Code (inc. data)   RO Data    RW Data    ZI Data      Debug   

     16048        916        224         72       1856     361378   Grand Totals
     16048        916        224         72       1856     361378   ELF Image Totals
     16048        916        224         72          0          0   ROM Totals

==============================================================================

    Total RO  Size (Code + RO Data)                16272 (  15.89kB)
    Total RW  Size (RW Data + ZI Data)              1928 (   1.88kB)
    Total ROM Size (Code + RO Data + RW Data)      16344 (  15.96kB)

==============================================================================

